Archive member included to satisfy reference by file (symbol)

c:/program files (x86)/gnu arm embedded toolchain/9 2020-q2-update/bin/../lib/gcc/arm-none-eabi/9.3.1/../../../../arm-none-eabi/lib/thumb/v7e-m+fp/hard\libc_nano.a(lib_a-atoi.o)
                              build/http_lib.o (atoi)
c:/program files (x86)/gnu arm embedded toolchain/9 2020-q2-update/bin/../lib/gcc/arm-none-eabi/9.3.1/../../../../arm-none-eabi/lib/thumb/v7e-m+fp/hard\libc_nano.a(lib_a-errno.o)
                              build/syscalls.o (__errno)
c:/program files (x86)/gnu arm embedded toolchain/9 2020-q2-update/bin/../lib/gcc/arm-none-eabi/9.3.1/../../../../arm-none-eabi/lib/thumb/v7e-m+fp/hard\libc_nano.a(lib_a-exit.o)
                              c:/program files (x86)/gnu arm embedded toolchain/9 2020-q2-update/bin/../lib/gcc/arm-none-eabi/9.3.1/../../../../arm-none-eabi/lib/thumb/v7e-m+fp/hard/crt0.o (exit)
c:/program files (x86)/gnu arm embedded toolchain/9 2020-q2-update/bin/../lib/gcc/arm-none-eabi/9.3.1/../../../../arm-none-eabi/lib/thumb/v7e-m+fp/hard\libc_nano.a(lib_a-getchar.o)
                              build/iot_flash_config.o (getchar)
c:/program files (x86)/gnu arm embedded toolchain/9 2020-q2-update/bin/../lib/gcc/arm-none-eabi/9.3.1/../../../../arm-none-eabi/lib/thumb/v7e-m+fp/hard\libc_nano.a(lib_a-impure.o)
                              c:/program files (x86)/gnu arm embedded toolchain/9 2020-q2-update/bin/../lib/gcc/arm-none-eabi/9.3.1/../../../../arm-none-eabi/lib/thumb/v7e-m+fp/hard\libc_nano.a(lib_a-exit.o) (_global_impure_ptr)
c:/program files (x86)/gnu arm embedded toolchain/9 2020-q2-update/bin/../lib/gcc/arm-none-eabi/9.3.1/../../../../arm-none-eabi/lib/thumb/v7e-m+fp/hard\libc_nano.a(lib_a-init.o)
                              c:/program files (x86)/gnu arm embedded toolchain/9 2020-q2-update/bin/../lib/gcc/arm-none-eabi/9.3.1/../../../../arm-none-eabi/lib/thumb/v7e-m+fp/hard/crt0.o (__libc_init_array)
c:/program files (x86)/gnu arm embedded toolchain/9 2020-q2-update/bin/../lib/gcc/arm-none-eabi/9.3.1/../../../../arm-none-eabi/lib/thumb/v7e-m+fp/hard\libc_nano.a(lib_a-malloc.o)
                              build/http_lib.o (malloc)
c:/program files (x86)/gnu arm embedded toolchain/9 2020-q2-update/bin/../lib/gcc/arm-none-eabi/9.3.1/../../../../arm-none-eabi/lib/thumb/v7e-m+fp/hard\libc_nano.a(lib_a-memcmp.o)
                              build/CustomUserFunctions.o (memcmp)
c:/program files (x86)/gnu arm embedded toolchain/9 2020-q2-update/bin/../lib/gcc/arm-none-eabi/9.3.1/../../../../arm-none-eabi/lib/thumb/v7e-m+fp/hard\libc_nano.a(lib_a-memcpy-stub.o)
                              build/CustomUserFunctions.o (memcpy)
c:/program files (x86)/gnu arm embedded toolchain/9 2020-q2-update/bin/../lib/gcc/arm-none-eabi/9.3.1/../../../../arm-none-eabi/lib/thumb/v7e-m+fp/hard\libc_nano.a(lib_a-memset.o)
                              c:/program files (x86)/gnu arm embedded toolchain/9 2020-q2-update/bin/../lib/gcc/arm-none-eabi/9.3.1/../../../../arm-none-eabi/lib/thumb/v7e-m+fp/hard/crt0.o (memset)
c:/program files (x86)/gnu arm embedded toolchain/9 2020-q2-update/bin/../lib/gcc/arm-none-eabi/9.3.1/../../../../arm-none-eabi/lib/thumb/v7e-m+fp/hard\libc_nano.a(lib_a-nano-freer.o)
                              c:/program files (x86)/gnu arm embedded toolchain/9 2020-q2-update/bin/../lib/gcc/arm-none-eabi/9.3.1/../../../../arm-none-eabi/lib/thumb/v7e-m+fp/hard\libc_nano.a(lib_a-malloc.o) (_free_r)
c:/program files (x86)/gnu arm embedded toolchain/9 2020-q2-update/bin/../lib/gcc/arm-none-eabi/9.3.1/../../../../arm-none-eabi/lib/thumb/v7e-m+fp/hard\libc_nano.a(lib_a-nano-mallocr.o)
                              c:/program files (x86)/gnu arm embedded toolchain/9 2020-q2-update/bin/../lib/gcc/arm-none-eabi/9.3.1/../../../../arm-none-eabi/lib/thumb/v7e-m+fp/hard\libc_nano.a(lib_a-malloc.o) (_malloc_r)
c:/program files (x86)/gnu arm embedded toolchain/9 2020-q2-update/bin/../lib/gcc/arm-none-eabi/9.3.1/../../../../arm-none-eabi/lib/thumb/v7e-m+fp/hard\libc_nano.a(lib_a-printf.o)
                              build/CustomUserFunctions.o (printf)
c:/program files (x86)/gnu arm embedded toolchain/9 2020-q2-update/bin/../lib/gcc/arm-none-eabi/9.3.1/../../../../arm-none-eabi/lib/thumb/v7e-m+fp/hard\libc_nano.a(lib_a-putchar.o)
                              build/iot_flash_config.o (putchar)
c:/program files (x86)/gnu arm embedded toolchain/9 2020-q2-update/bin/../lib/gcc/arm-none-eabi/9.3.1/../../../../arm-none-eabi/lib/thumb/v7e-m+fp/hard\libc_nano.a(lib_a-puts.o)
                              build/main.o (puts)
c:/program files (x86)/gnu arm embedded toolchain/9 2020-q2-update/bin/../lib/gcc/arm-none-eabi/9.3.1/../../../../arm-none-eabi/lib/thumb/v7e-m+fp/hard\libc_nano.a(lib_a-sbrkr.o)
                              c:/program files (x86)/gnu arm embedded toolchain/9 2020-q2-update/bin/../lib/gcc/arm-none-eabi/9.3.1/../../../../arm-none-eabi/lib/thumb/v7e-m+fp/hard\libc_nano.a(lib_a-nano-mallocr.o) (_sbrk_r)
[...]
Memory Configuration

Name             Origin             Length             Attributes
RAM              0x20000000         0x00018000         xrw
RAM2             0x10000000         0x00008000         xrw
FLASH            0x08000000         0x00100000         xr
*default*        0x00000000         0xffffffff

Linker script and memory map

LOAD c:/program files (x86)/gnu arm embedded toolchain/9 2020-q2-update/bin/../lib/gcc/arm-none-eabi/9.3.1/thumb/v7e-m+fp/hard/crti.o
LOAD c:/program files (x86)/gnu arm embedded toolchain/9 2020-q2-update/bin/../lib/gcc/arm-none-eabi/9.3.1/thumb/v7e-m+fp/hard/crtbegin.o
LOAD c:/program files (x86)/gnu arm embedded toolchain/9 2020-q2-update/bin/../lib/gcc/arm-none-eabi/9.3.1/../../../../arm-none-eabi/lib/thumb/v7e-m+fp/hard/crt0.o
LOAD build/main.o
LOAD build/stm32l4xx_it.o
LOAD build/stm32l4xx_hal_msp.o
LOAD build/Analog_PWM_Functions.o
LOAD build/CustomUserFunctions.o
LOAD build/freertos.o
LOAD build/Hardware_Init.o
LOAD build/ring_buf.o
LOAD build/stm32l4xx_hal_timebase_tim.o
LOAD build/syscalls.o
LOAD build/stm32l4xx_hal_tim.o
LOAD build/stm32l4xx_hal_tim_ex.o
LOAD build/stm32l4xx_hal.o
LOAD build/stm32l4xx_hal_i2c.o
LOAD build/stm32l4xx_hal_i2c_ex.o
LOAD build/stm32l4xx_hal_rtc.o
LOAD build/stm32l4xx_hal_rtc_ex.o
LOAD build/stm32l4xx_hal_rcc.o
LOAD build/stm32l4xx_hal_rcc_ex.o
LOAD build/stm32l4xx_hal_flash.o
LOAD build/stm32l4xx_hal_flash_ex.o
LOAD build/stm32l4xx_hal_flash_ramfunc.o
LOAD build/stm32l4xx_hal_gpio.o
LOAD build/stm32l4xx_hal_dma.o
LOAD build/stm32l4xx_hal_dma_ex.o
LOAD build/stm32l4xx_hal_pwr.o
LOAD build/stm32l4xx_hal_pwr_ex.o
LOAD build/stm32l4xx_hal_cortex.o
LOAD build/stm32l4xx_hal_spi.o
LOAD build/stm32l4xx_hal_adc.o
LOAD build/stm32l4xx_hal_adc_ex.o
LOAD build/stm32l4xx_hal_exti.o
LOAD build/stm32l475e_iot01.o
LOAD build/flash_l4.o
LOAD build/stm32l4xx_hal_uart.o
LOAD build/stm32l4xx_hal_uart_ex.o
LOAD build/stm32l4xx_hal_usart_ex.o
LOAD build/stm32l4xx_hal_sram.o
LOAD build/stm32l4xx_ll_fmc.o
LOAD build/system_stm32l4xx.o
LOAD build/es_wifi.o
LOAD build/es_wifi_io.o
LOAD build/http_lib.o
LOAD build/httpclient.o
LOAD build/iot_flash_config.o
LOAD build/net.o
LOAD build/net_tcp_wifi.o
LOAD build/wifi.o
LOAD build/wifi_net.o
LOAD build/event_groups.o
LOAD build/list.o
LOAD build/queue.o
LOAD build/tasks.o
LOAD build/timers.o
LOAD build/stream_buffer.o
LOAD build/cmsis_os2.o
LOAD build/port.o
LOAD build/heap_4.o
LOAD build/startup_stm32l475xx.o
LOAD c:/program files (x86)/gnu arm embedded toolchain/9 2020-q2-update/bin/../lib/gcc/arm-none-eabi/9.3.1/../../../../arm-none-eabi/lib/thumb/v7e-m+fp/hard\libc_nano.a
LOAD c:/program files (x86)/gnu arm embedded toolchain/9 2020-q2-update/bin/../lib/gcc/arm-none-eabi/9.3.1/../../../../arm-none-eabi/lib/thumb/v7e-m+fp/hard\libm.a
LOAD c:/program files (x86)/gnu arm embedded toolchain/9 2020-q2-update/bin/../lib/gcc/arm-none-eabi/9.3.1/../../../../arm-none-eabi/lib/thumb/v7e-m+fp/hard\libnosys.a
START GROUP
LOAD c:/program files (x86)/gnu arm embedded toolchain/9 2020-q2-update/bin/../lib/gcc/arm-none-eabi/9.3.1/thumb/v7e-m+fp/hard\libgcc.a
LOAD c:/program files (x86)/gnu arm embedded toolchain/9 2020-q2-update/bin/../lib/gcc/arm-none-eabi/9.3.1/../../../../arm-none-eabi/lib/thumb/v7e-m+fp/hard\libc_nano.a
END GROUP
START GROUP
LOAD c:/program files (x86)/gnu arm embedded toolchain/9 2020-q2-update/bin/../lib/gcc/arm-none-eabi/9.3.1/thumb/v7e-m+fp/hard\libgcc.a
LOAD c:/program files (x86)/gnu arm embedded toolchain/9 2020-q2-update/bin/../lib/gcc/arm-none-eabi/9.3.1/../../../../arm-none-eabi/lib/thumb/v7e-m+fp/hard\libc_nano.a
END GROUP
LOAD c:/program files (x86)/gnu arm embedded toolchain/9 2020-q2-update/bin/../lib/gcc/arm-none-eabi/9.3.1/thumb/v7e-m+fp/hard/crtend.o
LOAD c:/program files (x86)/gnu arm embedded toolchain/9 2020-q2-update/bin/../lib/gcc/arm-none-eabi/9.3.1/thumb/v7e-m+fp/hard/crtn.o
                0x20018000                _estack = 0x20018000
                0x00000200                _Min_Heap_Size = 0x200
                0x00000400                _Min_Stack_Size = 0x400

.isr_vector     0x08000000      0x188
                0x08000000                . = ALIGN (0x8)
 *(.isr_vector)
 .isr_vector    0x08000000      0x188 build/startup_stm32l475xx.o
                0x08000000                g_pfnVectors
                0x08000188                . = ALIGN (0x8)

.text           0x08000190     0xb710
                0x08000190                . = ALIGN (0x8)
 *(.text)
 .text          0x08000190       0x40 c:/program files (x86)/gnu arm embedded toolchain/9 2020-q2-update/bin/../lib/gcc/arm-none-eabi/9.3.1/thumb/v7e-m+fp/hard/crtbegin.o
 .text          0x080001d0       0x10 c:/program files (x86)/gnu arm embedded toolchain/9 2020-q2-update/bin/../lib/gcc/arm-none-eabi/9.3.1/../../../../arm-none-eabi/lib/thumb/v7e-m+fp/hard\libc_nano.a(lib_a-strlen.o)
                0x080001d0                strlen
 .text          0x080001e0       0xa0 c:/program files (x86)/gnu arm embedded toolchain/9 2020-q2-update/bin/../lib/gcc/arm-none-eabi/9.3.1/../../../../arm-none-eabi/lib/thumb/v7e-m+fp/hard\libc_nano.a(lib_a-memchr.o)
                0x080001e0                memchr
 .text          0x08000280      0x254 c:/program files (x86)/gnu arm embedded toolchain/9 2020-q2-update/bin/../lib/gcc/arm-none-eabi/9.3.1/thumb/v7e-m+fp/hard\libgcc.a(_arm_muldf3.o)
                0x08000280                __muldf3
                0x08000280                __aeabi_dmul
 .text          0x080004d4      0x378 c:/program files (x86)/gnu arm embedded toolchain/9 2020-q2-update/bin/../lib/gcc/arm-none-eabi/9.3.1/thumb/v7e-m+fp/hard\libgcc.a(_arm_addsubdf3.o)
                0x080004d4                __aeabi_drsub
                0x080004dc                __aeabi_dsub
                0x080004dc                __subdf3
                0x080004e0                __aeabi_dadd
                0x080004e0                __adddf3
                0x08000758                __floatunsidf
                0x08000758                __aeabi_ui2d
                0x08000778                __floatsidf
                0x08000778                __aeabi_i2d
                0x0800079c                __aeabi_f2d
                0x0800079c                __extendsfdf2
                0x080007e0                __floatundidf
                0x080007e0                __aeabi_ul2d
                0x080007f0                __floatdidf
                0x080007f0                __aeabi_l2d
 .text          0x0800084c       0x50 c:/program files (x86)/gnu arm embedded toolchain/9 2020-q2-update/bin/../lib/gcc/arm-none-eabi/9.3.1/thumb/v7e-m+fp/hard\libgcc.a(_arm_fixdfsi.o)
                0x0800084c                __aeabi_d2iz
                0x0800084c                __fixdfsi
 .text          0x0800089c       0x30 c:/program files (x86)/gnu arm embedded toolchain/9 2020-q2-update/bin/../lib/gcc/arm-none-eabi/9.3.1/thumb/v7e-m+fp/hard\libgcc.a(_aeabi_uldivmod.o)
                0x0800089c                __aeabi_uldivmod
 .text          0x080008cc      0x2c4 c:/program files (x86)/gnu arm embedded toolchain/9 2020-q2-update/bin/../lib/gcc/arm-none-eabi/9.3.1/thumb/v7e-m+fp/hard\libgcc.a(_udivmoddi4.o)
                0x080008cc                __udivmoddi4
 .text          0x08000b90        0x4 c:/program files (x86)/gnu arm embedded toolchain/9 2020-q2-update/bin/../lib/gcc/arm-none-eabi/9.3.1/thumb/v7e-m+fp/hard\libgcc.a(_dvmd_tls.o)
                0x08000b90                __aeabi_idiv0
                0x08000b90                __aeabi_ldiv0
 *(.text*)
 .text.main     0x08000b94      0x1b8 build/main.o
                0x08000b94                main
 .text.SPI3_IRQHandler
                0x08000d4c       0x10 build/main.o
                0x08000d4c                SPI3_IRQHandler
 .text.Error_Handler
                0x08000d5c       0x10 build/main.o
                0x08000d5c                Error_Handler
 .text.NMI_Handler
                0x08000d6c        0x2 build/stm32l4xx_it.o
                0x08000d6c                NMI_Handler
 .text.HardFault_Handler
                0x08000d6e        0x2 build/stm32l4xx_it.o
                0x08000d6e                HardFault_Handler
 .text.MemManage_Handler
                0x08000d70        0x2 build/stm32l4xx_it.o
                0x08000d70                MemManage_Handler
 .text.BusFault_Handler
                0x08000d72        0x2 build/stm32l4xx_it.o
                0x08000d72                BusFault_Handler
 .text.UsageFault_Handler
                0x08000d74        0x2 build/stm32l4xx_it.o
                0x08000d74                UsageFault_Handler
 .text.DebugMon_Handler
                0x08000d76        0x2 build/stm32l4xx_it.o
                0x08000d76                DebugMon_Handler
 .text.TIM2_IRQHandler
                0x08000d78       0x10 build/stm32l4xx_it.o
                0x08000d78                TIM2_IRQHandler
 .text.EXTI15_10_IRQHandler
                0x08000d88        0xc build/stm32l4xx_it.o
                0x08000d88                EXTI15_10_IRQHandler
 .text.EXTI1_IRQHandler
                0x08000d94        0xa build/stm32l4xx_it.o
                0x08000d94                EXTI1_IRQHandler
 *fill*         0x08000d9e        0x2 
 .text.TIM3_IRQHandler
                0x08000da0       0x10 build/stm32l4xx_it.o
                0x08000da0                TIM3_IRQHandler
 .text.HAL_MspInit
                0x08000db0       0x30 build/stm32l4xx_hal_msp.o
                0x08000db0                HAL_MspInit
 .text.HAL_ADC_MspInit
                0x08000de0      0x120 build/stm32l4xx_hal_msp.o
                0x08000de0                HAL_ADC_MspInit
 .text.HAL_TIM_Base_MspInit
                0x08000f00       0x70 build/stm32l4xx_hal_msp.o
                0x08000f00                HAL_TIM_Base_MspInit
 .text.HAL_TIM_MspPostInit
                0x08000f70       0xd8 build/stm32l4xx_hal_msp.o
                0x08000f70                HAL_TIM_MspPostInit
 .text.HAL_TIM_PWM_MspInit
                0x08001048       0x2c build/stm32l4xx_hal_msp.o
                0x08001048                HAL_TIM_PWM_MspInit
 .text.Periph_Config
                0x08001074       0x38 build/stm32l4xx_hal_msp.o
                0x08001074                Periph_Config
 .text.map      0x080010ac       0x1a build/Analog_PWM_Functions.o
 *fill*         0x080010c6        0x2 
 .text.setPulseBase
                0x080010c8       0x38 build/Analog_PWM_Functions.o
                0x080010c8                setPulseBase
 .text.setPulseMid
                0x08001100       0x38 build/Analog_PWM_Functions.o
                0x08001100                setPulseMid
 .text.setPulseTop
                0x08001138       0x38 build/Analog_PWM_Functions.o
                0x08001138                setPulseTop
 .text.setPulse
                0x08001170       0x20 build/Analog_PWM_Functions.o
                0x08001170                setPulse
 .text.getAnalogVal
                0x08001190       0x1a build/Analog_PWM_Functions.o
                0x08001190                getAnalogVal
 *fill*         0x080011aa        0x2 
 .text.analogToPulse
                0x080011ac       0xb4 build/Analog_PWM_Functions.o
                0x080011ac                analogToPulse
 .text.sendATCommand
                0x08001260       0x7c build/CustomUserFunctions.o
 .text.sendATData
                0x080012dc       0x98 build/CustomUserFunctions.o
 .text.receiveATData
                0x08001374       0xe8 build/CustomUserFunctions.o
 .text.connect_nodes
                0x0800145c        0x8 build/CustomUserFunctions.o
                0x0800145c                connect_nodes
 .text.sendTCPData
                0x08001464       0x90 build/CustomUserFunctions.o
                0x08001464                sendTCPData
 .text.receiveTCPData
                0x080014f4       0x88 build/CustomUserFunctions.o
                0x080014f4                receiveTCPData
 .text.beginClientServerConnection
                0x0800157c      0x118 build/CustomUserFunctions.o
                0x0800157c                beginClientServerConnection
 .text.updatePosnArray
                0x08001694       0x36 build/freertos.o
 *fill*         0x080016ca        0x2 
 .text.lock_servos
                0x080016cc       0x30 build/freertos.o
 .text.getCurrAnalogPosns
                0x080016fc       0x24 build/freertos.o
 .text.calcCurrentPos
                0x08001720       0x8c build/freertos.o
 .text.calcSinglePos
                0x080017ac       0x40 build/freertos.o
 .text.startDefaultTask
                0x080017ec        0xa build/freertos.o
                0x080017ec                startDefaultTask
 *fill*         0x080017f6        0x2 
 .text.parseWifiMsg
                0x080017f8      0x128 build/freertos.o
                0x080017f8                parseWifiMsg
 .text.getWifiMsg
                0x08001920       0xb4 build/freertos.o
                0x08001920                getWifiMsg
 .text.updateServoPositions
                0x080019d4       0x58 build/freertos.o
                0x080019d4                updateServoPositions
 .text.toggleMasterStatus
                0x08001a2c       0x64 build/freertos.o
                0x08001a2c                toggleMasterStatus
 .text.Button_ISR
                0x08001a90       0x24 build/freertos.o
 *fill*         0x08001ab4        0x4 
 .text.HAL_TIM_PeriodElapsedCallback
                0x08001ab8       0xe0 build/freertos.o
                0x08001ab8                HAL_TIM_PeriodElapsedCallback
 .text.HAL_GPIO_EXTI_Callback
                0x08001b98       0x18 build/freertos.o
                0x08001b98                HAL_GPIO_EXTI_Callback
 .text.Button_WaitForPush
                0x08001bb0       0x40 build/freertos.o
                0x08001bb0                Button_WaitForPush
 .text.clearPosnHistory
                0x08001bf0       0x10 build/freertos.o
                0x08001bf0                clearPosnHistory
 .text.SystemClock_Config
                0x08001c00       0xb0 build/Hardware_Init.o
                0x08001c00                SystemClock_Config
 .text.MX_ADC1_Init
                0x08001cb0       0x84 build/Hardware_Init.o
                0x08001cb0                MX_ADC1_Init
 .text.MX_TIM3_Init
                0x08001d34       0x8c build/Hardware_Init.o
                0x08001d34                MX_TIM3_Init
 .text.MX_TIM15_Init
                0x08001dc0       0xf0 build/Hardware_Init.o
                0x08001dc0                MX_TIM15_Init
 .text.MX_GPIO_Init
                0x08001eb0      0x118 build/Hardware_Init.o
                0x08001eb0                MX_GPIO_Init
 .text.Console_UART_Init
                0x08001fc8       0x30 build/Hardware_Init.o
                0x08001fc8                Console_UART_Init
 .text.MX_ADC2_Init
                0x08001ff8       0x84 build/Hardware_Init.o
                0x08001ff8                MX_ADC2_Init
 .text.MX_ADC3_Init
                0x0800207c       0x84 build/Hardware_Init.o
                0x0800207c                MX_ADC3_Init
 .text.MX_TIM4_Init
                0x08002100       0x8c build/Hardware_Init.o
                0x08002100                MX_TIM4_Init
 .text.MX_TIM16_Init
                0x0800218c       0xb0 build/Hardware_Init.o
                0x0800218c                MX_TIM16_Init
 .text.__io_putchar
                0x0800223c       0x24 build/Hardware_Init.o
                0x0800223c                __io_putchar
 .text.__io_getchar
                0x08002260       0x2c build/Hardware_Init.o
                0x08002260                __io_getchar
 .text.resetRingBuf
                0x0800228c        0xc build/ring_buf.o
                0x0800228c                resetRingBuf
 .text.addToRingBuf
                0x08002298       0x5a build/ring_buf.o
                0x08002298                addToRingBuf
 *fill*         0x080022f2        0x2 
 .text.getRingBufXRecent
                0x080022f4       0x78 build/ring_buf.o
                0x080022f4                getRingBufXRecent
 .text.HAL_InitTick
                0x0800236c       0x78 build/stm32l4xx_hal_timebase_tim.o
                0x0800236c                HAL_InitTick
 .text._getpid  0x080023e4        0x4 build/syscalls.o
                0x080023e4                _getpid
 .text._kill    0x080023e8       0x10 build/syscalls.o
                0x080023e8                _kill
 .text._exit    0x080023f8        0xc build/syscalls.o
                0x080023f8                _exit
 .text._read    0x08002404        0xe build/syscalls.o
                0x08002404                _read
 .text._write   0x08002412       0x1c build/syscalls.o
                0x08002412                _write
 *fill*         0x0800242e        0x2 
 .text._sbrk    0x08002430       0x3c build/syscalls.o
                0x08002430                _sbrk
 .text._close   0x0800246c        0x6 build/syscalls.o
                0x0800246c                _close
 .text._fstat   0x08002472        0xa build/syscalls.o
                0x08002472                _fstat
 .text._isatty  0x0800247c        0x4 build/syscalls.o
                0x0800247c                _isatty
 .text._lseek   0x08002480        0x4 build/syscalls.o
                0x08002480                _lseek
 .text.TIM_OC1_SetConfig
                0x08002484       0x9c build/stm32l4xx_hal_tim.o
 .text.TIM_OC3_SetConfig
                0x08002520       0x8c build/stm32l4xx_hal_tim.o
 .text.TIM_OC4_SetConfig
                0x080025ac       0x6c build/stm32l4xx_hal_tim.o
 .text.TIM_OC5_SetConfig
                0x08002618       0x68 build/stm32l4xx_hal_tim.o
 .text.TIM_OC6_SetConfig
                0x08002680       0x6c build/stm32l4xx_hal_tim.o
 .text.TIM_TI1_ConfigInputStage
                0x080026ec       0x24 build/stm32l4xx_hal_tim.o
 .text.TIM_TI2_ConfigInputStage
                0x08002710       0x26 build/stm32l4xx_hal_tim.o
 .text.TIM_ITRx_SetConfig
                0x08002736       0x10 build/stm32l4xx_hal_tim.o
 *fill*         0x08002746        0x2 
 .text.HAL_TIM_Base_Start_IT
                0x08002748       0x2c build/stm32l4xx_hal_tim.o
                0x08002748                HAL_TIM_Base_Start_IT
 .text.HAL_TIM_OC_DelayElapsedCallback
                0x08002774        0x2 build/stm32l4xx_hal_tim.o
                0x08002774                HAL_TIM_OC_DelayElapsedCallback
 .text.HAL_TIM_IC_CaptureCallback
                0x08002776        0x2 build/stm32l4xx_hal_tim.o
                0x08002776                HAL_TIM_IC_CaptureCallback
 .text.HAL_TIM_PWM_PulseFinishedCallback
                0x08002778        0x2 build/stm32l4xx_hal_tim.o
                0x08002778                HAL_TIM_PWM_PulseFinishedCallback
 .text.HAL_TIM_TriggerCallback
                0x0800277a        0x2 build/stm32l4xx_hal_tim.o
                0x0800277a                HAL_TIM_TriggerCallback
 .text.HAL_TIM_IRQHandler
                0x0800277c      0x19a build/stm32l4xx_hal_tim.o
                0x0800277c                HAL_TIM_IRQHandler
 *fill*         0x08002916        0x2 
 .text.TIM_Base_SetConfig
                0x08002918       0xc8 build/stm32l4xx_hal_tim.o
                0x08002918                TIM_Base_SetConfig
 .text.HAL_TIM_Base_Init
                0x080029e0       0x34 build/stm32l4xx_hal_tim.o
                0x080029e0                HAL_TIM_Base_Init
 .text.HAL_TIM_PWM_Init
                0x08002a14       0x34 build/stm32l4xx_hal_tim.o
                0x08002a14                HAL_TIM_PWM_Init
 .text.TIM_OC2_SetConfig
                0x08002a48       0x8c build/stm32l4xx_hal_tim.o
                0x08002a48                TIM_OC2_SetConfig
 .text.HAL_TIM_PWM_ConfigChannel
                0x08002ad4      0x134 build/stm32l4xx_hal_tim.o
                0x08002ad4                HAL_TIM_PWM_ConfigChannel
 .text.TIM_ETR_SetConfig
                0x08002c08       0x18 build/stm32l4xx_hal_tim.o
                0x08002c08                TIM_ETR_SetConfig
 .text.HAL_TIM_ConfigClockSource
                0x08002c20       0xdc build/stm32l4xx_hal_tim.o
                0x08002c20                HAL_TIM_ConfigClockSource
 .text.TIM_CCxChannelCmd
                0x08002cfc       0x24 build/stm32l4xx_hal_tim.o
                0x08002cfc                TIM_CCxChannelCmd
 .text.HAL_TIM_PWM_Start
                0x08002d20       0x64 build/stm32l4xx_hal_tim.o
                0x08002d20                HAL_TIM_PWM_Start
 .text.HAL_TIMEx_MasterConfigSynchronization
                0x08002d84       0x98 build/stm32l4xx_hal_tim_ex.o
                0x08002d84                HAL_TIMEx_MasterConfigSynchronization
 .text.HAL_TIMEx_ConfigBreakDeadTime
                0x08002e1c       0x90 build/stm32l4xx_hal_tim_ex.o
                0x08002e1c                HAL_TIMEx_ConfigBreakDeadTime
 .text.HAL_TIMEx_CommutCallback
                0x08002eac        0x2 build/stm32l4xx_hal_tim_ex.o
                0x08002eac                HAL_TIMEx_CommutCallback
 .text.HAL_TIMEx_BreakCallback
                0x08002eae        0x2 build/stm32l4xx_hal_tim_ex.o
                0x08002eae                HAL_TIMEx_BreakCallback
 .text.HAL_TIMEx_Break2Callback
                0x08002eb0        0x2 build/stm32l4xx_hal_tim_ex.o
                0x08002eb0                HAL_TIMEx_Break2Callback
 .text.HAL_Init
                0x08002eb2       0x1e build/stm32l4xx_hal.o
                0x08002eb2                HAL_Init
 .text.HAL_IncTick
                0x08002ed0       0x18 build/stm32l4xx_hal.o
                0x08002ed0                HAL_IncTick
 .text.HAL_GetTick
                0x08002ee8        0xc build/stm32l4xx_hal.o
                0x08002ee8                HAL_GetTick
 .text.HAL_Delay
                0x08002ef4       0x28 build/stm32l4xx_hal.o
                0x08002ef4                HAL_Delay
 .text.RCC_SetFlashLatencyFromMSIRange
                0x08002f1c       0x90 build/stm32l4xx_hal_rcc.o
 .text.HAL_RCC_GetSysClockFreq
                0x08002fac       0xb4 build/stm32l4xx_hal_rcc.o
                0x08002fac                HAL_RCC_GetSysClockFreq
 .text.HAL_RCC_OscConfig
                0x08003060      0x630 build/stm32l4xx_hal_rcc.o
                0x08003060                HAL_RCC_OscConfig
 .text.HAL_RCC_ClockConfig
                0x08003690      0x15c build/stm32l4xx_hal_rcc.o
                0x08003690                HAL_RCC_ClockConfig
 .text.HAL_RCC_GetHCLKFreq
                0x080037ec        0xc build/stm32l4xx_hal_rcc.o
                0x080037ec                HAL_RCC_GetHCLKFreq
 .text.HAL_RCC_GetPCLK1Freq
                0x080037f8       0x24 build/stm32l4xx_hal_rcc.o
                0x080037f8                HAL_RCC_GetPCLK1Freq
 .text.HAL_RCC_GetPCLK2Freq
                0x0800381c       0x24 build/stm32l4xx_hal_rcc.o
                0x0800381c                HAL_RCC_GetPCLK2Freq
 .text.HAL_RCC_GetClockConfig
                0x08003840       0x3c build/stm32l4xx_hal_rcc.o
                0x08003840                HAL_RCC_GetClockConfig
 .text.RCCEx_PLLSAI1_Config
                0x0800387c      0x170 build/stm32l4xx_hal_rcc_ex.o
 .text.RCCEx_PLLSAI2_Config
                0x080039ec      0x14c build/stm32l4xx_hal_rcc_ex.o
 .text.HAL_RCCEx_PeriphCLKConfig
                0x08003b38      0x45c build/stm32l4xx_hal_rcc_ex.o
                0x08003b38                HAL_RCCEx_PeriphCLKConfig
 .text.HAL_RCCEx_EnableMSIPLLMode
                0x08003f94       0x10 build/stm32l4xx_hal_rcc_ex.o
                0x08003f94                HAL_RCCEx_EnableMSIPLLMode
 .text.FLASH_Program_DoubleWord
                0x08003fa4       0x20 build/stm32l4xx_hal_flash.o
 .text.FLASH_Program_Fast
                0x08003fc4       0x34 build/stm32l4xx_hal_flash.o
 .text.HAL_FLASH_Unlock
                0x08003ff8       0x30 build/stm32l4xx_hal_flash.o
                0x08003ff8                HAL_FLASH_Unlock
 .text.FLASH_WaitForLastOperation
                0x08004028       0x64 build/stm32l4xx_hal_flash.o
                0x08004028                FLASH_WaitForLastOperation
 .text.HAL_FLASH_Program
                0x0800408c       0xb0 build/stm32l4xx_hal_flash.o
                0x0800408c                HAL_FLASH_Program
 .text.FLASH_MassErase
                0x0800413c       0x30 build/stm32l4xx_hal_flash_ex.o
 .text.FLASH_PageErase
                0x0800416c       0x44 build/stm32l4xx_hal_flash_ex.o
                0x0800416c                FLASH_PageErase
 .text.FLASH_FlushCaches
                0x080041b0       0x5c build/stm32l4xx_hal_flash_ex.o
                0x080041b0                FLASH_FlushCaches
 .text.HAL_FLASHEx_Erase
                0x0800420c       0xfc build/stm32l4xx_hal_flash_ex.o
                0x0800420c                HAL_FLASHEx_Erase
 .text.HAL_GPIO_Init
                0x08004308      0x1cc build/stm32l4xx_hal_gpio.o
                0x08004308                HAL_GPIO_Init
 .text.HAL_GPIO_ReadPin
                0x080044d4        0xe build/stm32l4xx_hal_gpio.o
                0x080044d4                HAL_GPIO_ReadPin
 .text.HAL_GPIO_WritePin
                0x080044e2        0xa build/stm32l4xx_hal_gpio.o
                0x080044e2                HAL_GPIO_WritePin
 .text.HAL_GPIO_TogglePin
                0x080044ec        0xe build/stm32l4xx_hal_gpio.o
                0x080044ec                HAL_GPIO_TogglePin
 *fill*         0x080044fa        0x2 
 .text.HAL_GPIO_EXTI_IRQHandler
                0x080044fc       0x1c build/stm32l4xx_hal_gpio.o
                0x080044fc                HAL_GPIO_EXTI_IRQHandler
 .text.HAL_DMA_Abort_IT
                0x08004518       0x50 build/stm32l4xx_hal_dma.o
                0x08004518                HAL_DMA_Abort_IT
 .text.HAL_PWREx_GetVoltageRange
                0x08004568       0x10 build/stm32l4xx_hal_pwr_ex.o
                0x08004568                HAL_PWREx_GetVoltageRange
 .text.HAL_NVIC_SetPriorityGrouping
                0x08004578       0x24 build/stm32l4xx_hal_cortex.o
                0x08004578                HAL_NVIC_SetPriorityGrouping
 .text.HAL_NVIC_SetPriority
                0x0800459c       0x68 build/stm32l4xx_hal_cortex.o
                0x0800459c                HAL_NVIC_SetPriority
 .text.HAL_NVIC_EnableIRQ
                0x08004604       0x1c build/stm32l4xx_hal_cortex.o
                0x08004604                HAL_NVIC_EnableIRQ
 .text.SPI_WaitFlagStateUntilTimeout
                0x08004620       0x94 build/stm32l4xx_hal_spi.o
 .text.SPI_WaitFifoStateUntilTimeout
                0x080046b4       0xae build/stm32l4xx_hal_spi.o
 .text.SPI_EndRxTxTransaction
                0x08004762       0x62 build/stm32l4xx_hal_spi.o
 .text.SPI_EndRxTransaction
                0x080047c4       0x82 build/stm32l4xx_hal_spi.o
 .text.HAL_SPI_MspInit
                0x08004846        0x2 build/stm32l4xx_hal_spi.o
                0x08004846                HAL_SPI_MspInit
 .text.HAL_SPI_Init
                0x08004848       0xb0 build/stm32l4xx_hal_spi.o
                0x08004848                HAL_SPI_Init
 .text.HAL_SPI_MspDeInit
                0x080048f8        0x2 build/stm32l4xx_hal_spi.o
                0x080048f8                HAL_SPI_MspDeInit
 .text.HAL_SPI_DeInit
                0x080048fa       0x2c build/stm32l4xx_hal_spi.o
                0x080048fa                HAL_SPI_DeInit
 .text.HAL_SPI_TransmitReceive
                0x08004926      0x2de build/stm32l4xx_hal_spi.o
                0x08004926                HAL_SPI_TransmitReceive
 .text.HAL_SPI_Receive
                0x08004c04      0x198 build/stm32l4xx_hal_spi.o
                0x08004c04                HAL_SPI_Receive
 .text.HAL_SPI_Transmit_IT
                0x08004d9c       0xa8 build/stm32l4xx_hal_spi.o
                0x08004d9c                HAL_SPI_Transmit_IT
 .text.HAL_SPI_TransmitReceive_IT
                0x08004e44       0xf0 build/stm32l4xx_hal_spi.o
                0x08004e44                HAL_SPI_TransmitReceive_IT
 .text.HAL_SPI_Receive_IT
                0x08004f34       0xd0 build/stm32l4xx_hal_spi.o
                0x08004f34                HAL_SPI_Receive_IT
 .text.HAL_SPI_TxRxCpltCallback
                0x08005004        0x2 build/stm32l4xx_hal_spi.o
                0x08005004                HAL_SPI_TxRxCpltCallback
 .text.HAL_SPI_ErrorCallback
                0x08005006        0x2 build/stm32l4xx_hal_spi.o
                0x08005006                HAL_SPI_ErrorCallback
 .text.SPI_CloseTx_ISR
                0x08005008       0x56 build/stm32l4xx_hal_spi.o
 .text.SPI_TxISR_8BIT
                0x0800505e       0x28 build/stm32l4xx_hal_spi.o
 .text.SPI_TxISR_16BIT
                0x08005086       0x28 build/stm32l4xx_hal_spi.o
 .text.SPI_CloseRx_ISR
                0x080050ae       0x40 build/stm32l4xx_hal_spi.o
 .text.SPI_RxISR_8BIT
                0x080050ee       0x2e build/stm32l4xx_hal_spi.o
 .text.SPI_RxISR_16BIT
                0x0800511c       0x2e build/stm32l4xx_hal_spi.o
 .text.SPI_CloseRxTx_ISR
                0x0800514a       0x5e build/stm32l4xx_hal_spi.o
 .text.SPI_2linesTxISR_8BIT
                0x080051a8       0x5c build/stm32l4xx_hal_spi.o
 .text.SPI_2linesRxISR_8BIT
                0x08005204       0x7a build/stm32l4xx_hal_spi.o
 .text.SPI_2linesTxISR_16BIT
                0x0800527e       0x3a build/stm32l4xx_hal_spi.o
 .text.SPI_2linesRxISR_16BIT
                0x080052b8       0x3e build/stm32l4xx_hal_spi.o
 *fill*         0x080052f6        0x2 
 .text.HAL_SPI_IRQHandler
                0x080052f8      0x124 build/stm32l4xx_hal_spi.o
                0x080052f8                HAL_SPI_IRQHandler
 .text.SPI_DMAAbortOnError
                0x0800541c       0x12 build/stm32l4xx_hal_spi.o
 *fill*         0x0800542e        0x2 
 .text.HAL_ADC_Init
                0x08005430      0x200 build/stm32l4xx_hal_adc.o
                0x08005430                HAL_ADC_Init
 .text.HAL_ADC_PollForConversion
                0x08005630      0x108 build/stm32l4xx_hal_adc.o
                0x08005630                HAL_ADC_PollForConversion
 .text.HAL_ADC_GetValue
                0x08005738        0x6 build/stm32l4xx_hal_adc.o
                0x08005738                HAL_ADC_GetValue
 *fill*         0x0800573e        0x2 
 .text.HAL_ADC_ConfigChannel
                0x08005740      0x448 build/stm32l4xx_hal_adc.o
                0x08005740                HAL_ADC_ConfigChannel
 .text.ADC_Enable
                0x08005b88       0x90 build/stm32l4xx_hal_adc.o
                0x08005b88                ADC_Enable
 .text.HAL_ADC_Start
                0x08005c18       0xf4 build/stm32l4xx_hal_adc.o
                0x08005c18                HAL_ADC_Start
 .text.BSP_LED_Init
                0x08005d0c       0x48 build/stm32l475e_iot01.o
                0x08005d0c                BSP_LED_Init
 .text.BSP_LED_Toggle
                0x08005d54       0x18 build/stm32l475e_iot01.o
                0x08005d54                BSP_LED_Toggle
 .text.BSP_PB_Init
                0x08005d6c       0x84 build/stm32l475e_iot01.o
                0x08005d6c                BSP_PB_Init
 .text.BSP_COM_Init
                0x08005df0       0xa0 build/stm32l475e_iot01.o
                0x08005df0                BSP_COM_Init
 .text.FLASH_get_bank
                0x08005e90       0x6c build/flash_l4.o
 .text.FLASH_get_pageInBank
                0x08005efc       0x84 build/flash_l4.o
 .text.FLASH_unlock_erase
                0x08005f80       0x70 build/flash_l4.o
 .text.FLASH_write_at
                0x08005ff0       0x74 build/flash_l4.o
 .text.FLASH_update
                0x08006064       0xb0 build/flash_l4.o
                0x08006064                FLASH_update
 .text.HAL_UART_MspInit
                0x08006114        0x2 build/stm32l4xx_hal_uart.o
                0x08006114                HAL_UART_MspInit
 *fill*         0x08006116        0x2 
 .text.UART_SetConfig
                0x08006118      0x40c build/stm32l4xx_hal_uart.o
                0x08006118                UART_SetConfig
 .text.UART_AdvFeatureConfig
                0x08006524       0xca build/stm32l4xx_hal_uart.o
                0x08006524                UART_AdvFeatureConfig
 .text.UART_WaitOnFlagUntilTimeout
                0x080065ee       0xa2 build/stm32l4xx_hal_uart.o
                0x080065ee                UART_WaitOnFlagUntilTimeout
 .text.HAL_UART_Transmit
                0x08006690       0xd6 build/stm32l4xx_hal_uart.o
                0x08006690                HAL_UART_Transmit
 .text.HAL_UART_Receive
                0x08006766      0x120 build/stm32l4xx_hal_uart.o
                0x08006766                HAL_UART_Receive
 .text.UART_CheckIdleState
                0x08006886       0x6c build/stm32l4xx_hal_uart.o
                0x08006886                UART_CheckIdleState
 .text.HAL_UART_Init
                0x080068f2       0x62 build/stm32l4xx_hal_uart.o
                0x080068f2                HAL_UART_Init
 .text.SystemInit
                0x08006954       0x48 build/system_stm32l4xx.o
                0x08006954                SystemInit
 .text.Hex2Num  0x0800699c       0x2e build/es_wifi.o
 .text.ParseHexNumber
                0x080069ca       0x42 build/es_wifi.o
 .text.ParseNumber
                0x08006a0c       0x42 build/es_wifi.o
 .text.ParseMAC
                0x08006a4e       0x38 build/es_wifi.o
 .text.ParseIP  0x08006a86       0x38 build/es_wifi.o
 .text.AT_ParseIsConnected
                0x08006abe        0xe build/es_wifi.o
 .text.AT_ExecuteCommand
                0x08006acc       0x78 build/es_wifi.o
 .text.AT_ParseInfo
                0x08006b44       0xb8 build/es_wifi.o
 .text.AT_ParseConnSettings
                0x08006bfc      0x110 build/es_wifi.o
 .text.ES_WIFI_Init
                0x08006d0c       0x40 build/es_wifi.o
                0x08006d0c                ES_WIFI_Init
 .text.ES_WIFI_RegisterBusIO
                0x08006d4c       0x3e build/es_wifi.o
                0x08006d4c                ES_WIFI_RegisterBusIO
 *fill*         0x08006d8a        0x2 
 .text.ES_WIFI_Connect
                0x08006d8c       0xf0 build/es_wifi.o
                0x08006d8c                ES_WIFI_Connect
 .text.ES_WIFI_IsConnected
                0x08006e7c       0x34 build/es_wifi.o
                0x08006e7c                ES_WIFI_IsConnected
 .text.ES_WIFI_GetNetworkSettings
                0x08006eb0       0x34 build/es_wifi.o
                0x08006eb0                ES_WIFI_GetNetworkSettings
 .text.ES_WIFI_GetMACAddress
                0x08006ee4       0x3c build/es_wifi.o
                0x08006ee4                ES_WIFI_GetMACAddress
 .text.SPI_WIFI_DelayUs
                0x08006f20       0x7c build/es_wifi_io.o
 .text.wait_cmddata_rdy_rising_event
                0x08006f9c       0x2c build/es_wifi_io.o
 .text.wait_spi_rx_event
                0x08006fc8       0x2c build/es_wifi_io.o
 .text.wait_spi_tx_event
                0x08006ff4       0x2c build/es_wifi_io.o
 .text.wait_cmddata_rdy_high
                0x08007020       0x30 build/es_wifi_io.o
 .text.SPI_WIFI_MspInit
                0x08007050      0x124 build/es_wifi_io.o
                0x08007050                SPI_WIFI_MspInit
 .text.SPI_WIFI_ResetModule
                0x08007174       0xf4 build/es_wifi_io.o
                0x08007174                SPI_WIFI_ResetModule
 .text.SPI_WIFI_Init
                0x08007268       0x78 build/es_wifi_io.o
                0x08007268                SPI_WIFI_Init
 .text.SPI_WIFI_DeInit
                0x080072e0       0x10 build/es_wifi_io.o
                0x080072e0                SPI_WIFI_DeInit
 .text.SPI_WIFI_ReceiveData
                0x080072f0       0xc4 build/es_wifi_io.o
                0x080072f0                SPI_WIFI_ReceiveData
 .text.SPI_WIFI_SendData
                0x080073b4       0xb4 build/es_wifi_io.o
                0x080073b4                SPI_WIFI_SendData
 .text.SPI_WIFI_Delay
                0x08007468        0x8 build/es_wifi_io.o
                0x08007468                SPI_WIFI_Delay
 .text.HAL_SPI_RxCpltCallback
                0x08007470       0x14 build/es_wifi_io.o
                0x08007470                HAL_SPI_RxCpltCallback
 .text.HAL_SPI_TxCpltCallback
                0x08007484       0x14 build/es_wifi_io.o
                0x08007484                HAL_SPI_TxCpltCallback
 .text.SPI_WIFI_ISR
                0x08007498       0x18 build/es_wifi_io.o
                0x08007498                SPI_WIFI_ISR
 .text.httpclient_init
                0x080074b0       0x84 build/httpclient.o
                0x080074b0                httpclient_init
 .text.getInputString
                0x08007534       0x60 build/iot_flash_config.o
                0x08007534                getInputString
 *fill*         0x08007594        0x4 
 .text.checkWiFiCredentials
                0x08007598       0x64 build/iot_flash_config.o
                0x08007598                checkWiFiCredentials
 *fill*         0x080075fc        0x4 
 .text.updateWiFiCredentials
                0x08007600       0x90 build/iot_flash_config.o
                0x08007600                updateWiFiCredentials
 .text.net_init
                0x08007690       0x50 build/net.o
                0x08007690                net_init
 .text.net_get_ip_address
                0x080076e0       0x44 build/net.o
                0x080076e0                net_get_ip_address
 .text.net_get_mac_address
                0x08007724       0x30 build/net.o
                0x08007724                net_get_mac_address
 .text.WIFI_Init
                0x08007754       0x48 build/wifi.o
                0x08007754                WIFI_Init
 .text.WIFI_Connect
                0x0800779c       0x28 build/wifi.o
                0x0800779c                WIFI_Connect
 .text.WIFI_GetMAC_Address
                0x080077c4       0x14 build/wifi.o
                0x080077c4                WIFI_GetMAC_Address
 .text.WIFI_GetIP_Address
                0x080077d8       0x48 build/wifi.o
                0x080077d8                WIFI_GetIP_Address
 .text.WIFI_GetModuleFwRevision
                0x08007820       0x14 build/wifi.o
                0x08007820                WIFI_GetModuleFwRevision
 .text.WIFI_GetModuleID
                0x08007834       0x14 build/wifi.o
                0x08007834                WIFI_GetModuleID
 .text.WIFI_GetModuleName
                0x08007848       0x14 build/wifi.o
                0x08007848                WIFI_GetModuleName
 .text.net_if_init
                0x0800785c      0x170 build/wifi_net.o
                0x0800785c                net_if_init
 .text.vListInitialise
                0x080079cc       0x16 build/list.o
                0x080079cc                vListInitialise
 .text.vListInitialiseItem
                0x080079e2        0x6 build/list.o
                0x080079e2                vListInitialiseItem
 .text.vListInsertEnd
                0x080079e8       0x16 build/list.o
                0x080079e8                vListInsertEnd
 .text.vListInsert
                0x080079fe       0x32 build/list.o
                0x080079fe                vListInsert
 .text.uxListRemove
                0x08007a30       0x26 build/list.o
                0x08007a30                uxListRemove
 .text.prvGetDisinheritPriorityAfterTimeout
                0x08007a56       0x10 build/queue.o
 .text.prvIsQueueFull
                0x08007a66       0x1e build/queue.o
 .text.prvIsQueueEmpty
                0x08007a84       0x1a build/queue.o
 .text.prvCopyDataToQueue
                0x08007a9e       0x76 build/queue.o
 .text.prvCopyDataFromQueue
                0x08007b14       0x24 build/queue.o
 .text.prvUnlockQueue
                0x08007b38       0x6e build/queue.o
 *fill*         0x08007ba6        0x2 
 .text.xQueueGenericReset
                0x08007ba8       0x84 build/queue.o
                0x08007ba8                xQueueGenericReset
 .text.prvInitialiseNewQueue
                0x08007c2c       0x22 build/queue.o
 .text.xQueueGenericCreateStatic
                0x08007c4e       0x92 build/queue.o
                0x08007c4e                xQueueGenericCreateStatic
 .text.xQueueGenericCreate
                0x08007ce0       0x4e build/queue.o
                0x08007ce0                xQueueGenericCreate
 *fill*         0x08007d2e        0x2 
 .text.xQueueGenericSend
                0x08007d30      0x180 build/queue.o
                0x08007d30                xQueueGenericSend
 .text.prvInitialiseMutex
                0x08007eb0       0x18 build/queue.o
 .text.xQueueCreateMutex
                0x08007ec8       0x16 build/queue.o
                0x08007ec8                xQueueCreateMutex
 .text.xQueueCreateMutexStatic
                0x08007ede       0x1e build/queue.o
                0x08007ede                xQueueCreateMutexStatic
 .text.xQueueGiveMutexRecursive
                0x08007efc       0x40 build/queue.o
                0x08007efc                xQueueGiveMutexRecursive
 .text.xQueueGenericSendFromISR
                0x08007f3c       0xce build/queue.o
                0x08007f3c                xQueueGenericSendFromISR
 *fill*         0x0800800a        0x2 
 .text.xQueueReceive
                0x0800800c      0x15c build/queue.o
                0x0800800c                xQueueReceive
 .text.xQueueSemaphoreTake
                0x08008168      0x1a4 build/queue.o
                0x08008168                xQueueSemaphoreTake
 .text.xQueueTakeMutexRecursive
                0x0800830c       0x44 build/queue.o
                0x0800830c                xQueueTakeMutexRecursive
 .text.xQueueReceiveFromISR
                0x08008350       0xac build/queue.o
                0x08008350                xQueueReceiveFromISR
 .text.vQueueAddToRegistry
                0x080083fc       0x28 build/queue.o
                0x080083fc                vQueueAddToRegistry
 .text.vQueueWaitForMessageRestricted
                0x08008424       0x52 build/queue.o
                0x08008424                vQueueWaitForMessageRestricted
 *fill*         0x08008476        0x2 
 .text.prvResetNextTaskUnblockTime
                0x08008478       0x2c build/tasks.o
 .text.prvInitialiseNewTask
                0x080084a4       0x90 build/tasks.o
 .text.prvInitialiseTaskLists
                0x08008534       0x68 build/tasks.o
 .text.prvAddNewTaskToReadyList
                0x0800859c       0xac build/tasks.o
 .text.prvDeleteTCB
                0x08008648       0x38 build/tasks.o
 .text.prvCheckTasksWaitingTermination
                0x08008680       0x4c build/tasks.o
 .text.prvIdleTask
                0x080086cc       0x28 build/tasks.o
 .text.prvAddCurrentTaskToDelayedList
                0x080086f4       0x7c build/tasks.o
 .text.xTaskCreateStatic
                0x08008770       0x72 build/tasks.o
                0x08008770                xTaskCreateStatic
 .text.xTaskCreate
                0x080087e2       0x68 build/tasks.o
                0x080087e2                xTaskCreate
 *fill*         0x0800884a        0x2 
 .text.vTaskStartScheduler
                0x0800884c       0x94 build/tasks.o
                0x0800884c                vTaskStartScheduler
 .text.vTaskSuspendAll
                0x080088e0       0x10 build/tasks.o
                0x080088e0                vTaskSuspendAll
 .text.xTaskGetTickCount
                0x080088f0        0xc build/tasks.o
                0x080088f0                xTaskGetTickCount
 .text.xTaskIncrementTick
                0x080088fc      0x118 build/tasks.o
                0x080088fc                xTaskIncrementTick
 .text.xTaskResumeAll
                0x08008a14       0xf8 build/tasks.o
                0x08008a14                xTaskResumeAll
 .text.vTaskDelay
                0x08008b0c       0x4c build/tasks.o
                0x08008b0c                vTaskDelay
 .text.vTaskSwitchContext
                0x08008b58       0x98 build/tasks.o
                0x08008b58                vTaskSwitchContext
 .text.vTaskPlaceOnEventList
                0x08008bf0       0x30 build/tasks.o
                0x08008bf0                vTaskPlaceOnEventList
 .text.vTaskPlaceOnEventListRestricted
                0x08008c20       0x38 build/tasks.o
                0x08008c20                vTaskPlaceOnEventListRestricted
 .text.xTaskRemoveFromEventList
                0x08008c58       0x8c build/tasks.o
                0x08008c58                xTaskRemoveFromEventList
 .text.vTaskInternalSetTimeOutState
                0x08008ce4       0x18 build/tasks.o
                0x08008ce4                vTaskInternalSetTimeOutState
 .text.xTaskCheckForTimeOut
                0x08008cfc       0x84 build/tasks.o
                0x08008cfc                xTaskCheckForTimeOut
 .text.vTaskMissedYield
                0x08008d80        0xc build/tasks.o
                0x08008d80                vTaskMissedYield
 .text.xTaskGetCurrentTaskHandle
                0x08008d8c        0xc build/tasks.o
                0x08008d8c                xTaskGetCurrentTaskHandle
 .text.xTaskGetSchedulerState
                0x08008d98       0x20 build/tasks.o
                0x08008d98                xTaskGetSchedulerState
 .text.xTaskPriorityInherit
                0x08008db8       0x98 build/tasks.o
                0x08008db8                xTaskPriorityInherit
 .text.xTaskPriorityDisinherit
                0x08008e50       0x90 build/tasks.o
                0x08008e50                xTaskPriorityDisinherit
 .text.vTaskPriorityDisinheritAfterTimeout
                0x08008ee0       0xa4 build/tasks.o
                0x08008ee0                vTaskPriorityDisinheritAfterTimeout
 .text.pvTaskIncrementMutexHeldCount
                0x08008f84       0x1c build/tasks.o
                0x08008f84                pvTaskIncrementMutexHeldCount
 .text.prvGetNextExpireTime
                0x08008fa0       0x20 build/timers.o
 .text.prvInsertTimerInActiveList
                0x08008fc0       0x48 build/timers.o
 .text.prvCheckForValidListAndQueue
                0x08009008       0x70 build/timers.o
 .text.xTimerCreateTimerTask
                0x08009078       0x64 build/timers.o
                0x08009078                xTimerCreateTimerTask
 .text.xTimerGenericCommand
                0x080090dc       0x6c build/timers.o
                0x080090dc                xTimerGenericCommand
 .text.prvSwitchTimerLists
                0x08009148       0x78 build/timers.o
 .text.prvSampleTimeNow
                0x080091c0       0x2c build/timers.o
 .text.prvProcessExpiredTimer
                0x080091ec       0x60 build/timers.o
 .text.prvProcessTimerOrBlockTask
                0x0800924c       0x74 build/timers.o
 .text.prvProcessReceivedCommands
                0x080092c0       0xf8 build/timers.o
 .text.prvTimerTask
                0x080093b8       0x16 build/timers.o
 *fill*         0x080093ce        0x2 
 .text.osKernelInitialize
                0x080093d0       0x44 build/cmsis_os2.o
                0x080093d0                osKernelInitialize
 .text.osKernelStart
                0x08009414       0x4c build/cmsis_os2.o
                0x08009414                osKernelStart
 .text.osThreadNew
                0x08009460       0xec build/cmsis_os2.o
                0x08009460                osThreadNew
 .text.osDelay  0x0800954c       0x44 build/cmsis_os2.o
                0x0800954c                osDelay
 .text.osMutexNew
                0x08009590       0xbc build/cmsis_os2.o
                0x08009590                osMutexNew
 .text.osMutexAcquire
                0x0800964c       0x84 build/cmsis_os2.o
                0x0800964c                osMutexAcquire
 .text.osMutexRelease
                0x080096d0       0x74 build/cmsis_os2.o
                0x080096d0                osMutexRelease
 .text.osMessageQueueNew
                0x08009744       0xbc build/cmsis_os2.o
                0x08009744                osMessageQueueNew
 .text.osMessageQueuePut
                0x08009800       0xa0 build/cmsis_os2.o
                0x08009800                osMessageQueuePut
 .text.osMessageQueueGet
                0x080098a0       0x9c build/cmsis_os2.o
                0x080098a0                osMessageQueueGet
 .text.vApplicationGetIdleTaskMemory
                0x0800993c       0x18 build/cmsis_os2.o
                0x0800993c                vApplicationGetIdleTaskMemory
 .text.vApplicationGetTimerTaskMemory
                0x08009954       0x18 build/cmsis_os2.o
                0x08009954                vApplicationGetTimerTaskMemory
 .text.prvTaskExitError
                0x0800996c       0x40 build/port.o
 .text.prvPortStartFirstTask
                0x080099ac       0x28 build/port.o
 .text.vPortEnableVFP
                0x080099d4       0x14 build/port.o
 .text.pxPortInitialiseStack
                0x080099e8       0x2c build/port.o
                0x080099e8                pxPortInitialiseStack
 *fill*         0x08009a14        0xc 
 .text.SVC_Handler
                0x08009a20       0x24 build/port.o
                0x08009a20                SVC_Handler
 .text.vPortEnterCritical
                0x08009a44       0x44 build/port.o
                0x08009a44                vPortEnterCritical
 .text.vPortExitCritical
                0x08009a88       0x2c build/port.o
                0x08009a88                vPortExitCritical
 *fill*         0x08009ab4        0xc 
 .text.PendSV_Handler
                0x08009ac0       0x64 build/port.o
                0x08009ac0                PendSV_Handler
 .text.SysTick_Handler
                0x08009b24       0x2c build/port.o
                0x08009b24                SysTick_Handler
 .text.vPortSetupTimerInterrupt
                0x08009b50       0x38 build/port.o
                0x08009b50                vPortSetupTimerInterrupt
 .text.xPortStartScheduler
                0x08009b88      0x110 build/port.o
                0x08009b88                xPortStartScheduler
 .text.vPortValidateInterruptPriority
                0x08009c98       0x5c build/port.o
                0x08009c98                vPortValidateInterruptPriority
 .text.prvHeapInit
                0x08009cf4       0x68 build/heap_4.o
 .text.prvInsertBlockIntoFreeList
                0x08009d5c       0x58 build/heap_4.o
 .text.pvPortMalloc
                0x08009db4       0xf0 build/heap_4.o
                0x08009db4                pvPortMalloc
 .text.vPortFree
                0x08009ea4       0x70 build/heap_4.o
                0x08009ea4                vPortFree
 .text.Reset_Handler
                0x08009f14       0x50 build/startup_stm32l475xx.o
                0x08009f14                Reset_Handler
 .text.Default_Handler
                0x08009f64        0x2 build/startup_stm32l475xx.o
                0x08009f64                RTC_Alarm_IRQHandler
                0x08009f64                EXTI2_IRQHandler
                0x08009f64                TIM8_TRG_COM_IRQHandler
                0x08009f64                TIM8_CC_IRQHandler
                0x08009f64                TIM1_CC_IRQHandler
                0x08009f64                TSC_IRQHandler
                0x08009f64                TAMP_STAMP_IRQHandler
                0x08009f64                EXTI3_IRQHandler
                0x08009f64                LPTIM2_IRQHandler
                0x08009f64                DFSDM1_FLT1_IRQHandler
                0x08009f64                I2C3_ER_IRQHandler
                0x08009f64                DFSDM1_FLT2_IRQHandler
                0x08009f64                EXTI0_IRQHandler
                0x08009f64                I2C2_EV_IRQHandler
                0x08009f64                CAN1_RX0_IRQHandler
                0x08009f64                FPU_IRQHandler
                0x08009f64                TIM1_UP_TIM16_IRQHandler
                0x08009f64                ADC1_2_IRQHandler
                0x08009f64                SPI1_IRQHandler
                0x08009f64                TIM6_DAC_IRQHandler
                0x08009f64                TIM8_UP_IRQHandler
                0x08009f64                DMA2_Channel2_IRQHandler
                0x08009f64                DMA1_Channel4_IRQHandler
                0x08009f64                SAI2_IRQHandler
                0x08009f64                DFSDM1_FLT3_IRQHandler
                0x08009f64                USART3_IRQHandler
                0x08009f64                DMA1_Channel7_IRQHandler
                0x08009f64                CAN1_RX1_IRQHandler
                0x08009f64                UART5_IRQHandler
                0x08009f64                ADC3_IRQHandler
                0x08009f64                TIM4_IRQHandler
                0x08009f64                DMA2_Channel1_IRQHandler
                0x08009f64                QUADSPI_IRQHandler
                0x08009f64                I2C1_EV_IRQHandler
                0x08009f64                DMA1_Channel6_IRQHandler
                0x08009f64                UART4_IRQHandler
                0x08009f64                DMA2_Channel4_IRQHandler
                0x08009f64                RCC_IRQHandler
                0x08009f64                DMA1_Channel1_IRQHandler
                0x08009f64                Default_Handler
                0x08009f64                DMA2_Channel7_IRQHandler
                0x08009f64                TIM7_IRQHandler
                0x08009f64                SDMMC1_IRQHandler
                0x08009f64                TIM5_IRQHandler
                0x08009f64                I2C3_EV_IRQHandler
                0x08009f64                EXTI9_5_IRQHandler
                0x08009f64                RTC_WKUP_IRQHandler
                0x08009f64                PVD_PVM_IRQHandler
                0x08009f64                SPI2_IRQHandler
                0x08009f64                CAN1_TX_IRQHandler
                0x08009f64                DMA2_Channel5_IRQHandler
                0x08009f64                DMA1_Channel5_IRQHandler
                0x08009f64                EXTI4_IRQHandler
                0x08009f64                RNG_IRQHandler
                0x08009f64                TIM1_TRG_COM_TIM17_IRQHandler
                0x08009f64                DMA1_Channel3_IRQHandler
                0x08009f64                COMP_IRQHandler
                0x08009f64                WWDG_IRQHandler
                0x08009f64                LPUART1_IRQHandler
                0x08009f64                DMA2_Channel6_IRQHandler
                0x08009f64                USART2_IRQHandler
                0x08009f64                DFSDM1_FLT0_IRQHandler
                0x08009f64                I2C2_ER_IRQHandler
                0x08009f64                DMA1_Channel2_IRQHandler
                0x08009f64                TIM8_BRK_IRQHandler
                0x08009f64                CAN1_SCE_IRQHandler
                0x08009f64                FLASH_IRQHandler
                0x08009f64                USART1_IRQHandler
                0x08009f64                OTG_FS_IRQHandler
                0x08009f64                I2C1_ER_IRQHandler
                0x08009f64                FMC_IRQHandler
                0x08009f64                SWPMI1_IRQHandler
                0x08009f64                LPTIM1_IRQHandler
                0x08009f64                SAI1_IRQHandler
                0x08009f64                DMA2_Channel3_IRQHandler
                0x08009f64                TIM1_BRK_TIM15_IRQHandler
 *fill*         0x08009f66        0x2 
 .text.__errno  0x08009f68        0xc c:/program files (x86)/gnu arm embedded toolchain/9 2020-q2-update/bin/../lib/gcc/arm-none-eabi/9.3.1/../../../../arm-none-eabi/lib/thumb/v7e-m+fp/hard\libc_nano.a(lib_a-errno.o)
                0x08009f68                __errno
 .text.getchar  0x08009f74       0x24 c:/program files (x86)/gnu arm embedded toolchain/9 2020-q2-update/bin/../lib/gcc/arm-none-eabi/9.3.1/../../../../arm-none-eabi/lib/thumb/v7e-m+fp/hard\libc_nano.a(lib_a-getchar.o)
                0x08009f74                getchar
 .text.__libc_init_array
                0x08009f98       0x48 c:/program files (x86)/gnu arm embedded toolchain/9 2020-q2-update/bin/../lib/gcc/arm-none-eabi/9.3.1/../../../../arm-none-eabi/lib/thumb/v7e-m+fp/hard\libc_nano.a(lib_a-init.o)
                0x08009f98                __libc_init_array
 .text.malloc   0x08009fe0       0x10 c:/program files (x86)/gnu arm embedded toolchain/9 2020-q2-update/bin/../lib/gcc/arm-none-eabi/9.3.1/../../../../arm-none-eabi/lib/thumb/v7e-m+fp/hard\libc_nano.a(lib_a-malloc.o)
                0x08009fe0                malloc
 .text.free     0x08009ff0       0x10 c:/program files (x86)/gnu arm embedded toolchain/9 2020-q2-update/bin/../lib/gcc/arm-none-eabi/9.3.1/../../../../arm-none-eabi/lib/thumb/v7e-m+fp/hard\libc_nano.a(lib_a-malloc.o)
                0x08009ff0                free
 .text.memcmp   0x0800a000       0x1c c:/program files (x86)/gnu arm embedded toolchain/9 2020-q2-update/bin/../lib/gcc/arm-none-eabi/9.3.1/../../../../arm-none-eabi/lib/thumb/v7e-m+fp/hard\libc_nano.a(lib_a-memcmp.o)
                0x0800a000                memcmp
 .text.memcpy   0x0800a01c       0x1c c:/program files (x86)/gnu arm embedded toolchain/9 2020-q2-update/bin/../lib/gcc/arm-none-eabi/9.3.1/../../../../arm-none-eabi/lib/thumb/v7e-m+fp/hard\libc_nano.a(lib_a-memcpy-stub.o)
                0x0800a01c                memcpy
 .text.memset   0x0800a038       0x10 c:/program files (x86)/gnu arm embedded toolchain/9 2020-q2-update/bin/../lib/gcc/arm-none-eabi/9.3.1/../../../../arm-none-eabi/lib/thumb/v7e-m+fp/hard\libc_nano.a(lib_a-memset.o)
                0x0800a038                memset
 .text._free_r  0x0800a048       0xa0 c:/program files (x86)/gnu arm embedded toolchain/9 2020-q2-update/bin/../lib/gcc/arm-none-eabi/9.3.1/../../../../arm-none-eabi/lib/thumb/v7e-m+fp/hard\libc_nano.a(lib_a-nano-freer.o)
                0x0800a048                _free_r
 .text._malloc_r
                0x0800a0e8       0xb4 c:/program files (x86)/gnu arm embedded toolchain/9 2020-q2-update/bin/../lib/gcc/arm-none-eabi/9.3.1/../../../../arm-none-eabi/lib/thumb/v7e-m+fp/hard\libc_nano.a(lib_a-nano-mallocr.o)
                0x0800a0e8                _malloc_r
 .text.printf   0x0800a19c       0x30 c:/program files (x86)/gnu arm embedded toolchain/9 2020-q2-update/bin/../lib/gcc/arm-none-eabi/9.3.1/../../../../arm-none-eabi/lib/thumb/v7e-m+fp/hard\libc_nano.a(lib_a-printf.o)
                0x0800a19c                iprintf
                0x0800a19c                printf
 .text.putchar  0x0800a1cc       0x2c c:/program files (x86)/gnu arm embedded toolchain/9 2020-q2-update/bin/../lib/gcc/arm-none-eabi/9.3.1/../../../../arm-none-eabi/lib/thumb/v7e-m+fp/hard\libc_nano.a(lib_a-putchar.o)
                0x0800a1cc                putchar
 .text._puts_r  0x0800a1f8       0xdc c:/program files (x86)/gnu arm embedded toolchain/9 2020-q2-update/bin/../lib/gcc/arm-none-eabi/9.3.1/../../../../arm-none-eabi/lib/thumb/v7e-m+fp/hard\libc_nano.a(lib_a-puts.o)
                0x0800a1f8                _puts_r
 .text.puts     0x0800a2d4       0x10 c:/program files (x86)/gnu arm embedded toolchain/9 2020-q2-update/bin/../lib/gcc/arm-none-eabi/9.3.1/../../../../arm-none-eabi/lib/thumb/v7e-m+fp/hard\libc_nano.a(lib_a-puts.o)
                0x0800a2d4                puts
 .text._sbrk_r  0x0800a2e4       0x20 c:/program files (x86)/gnu arm embedded toolchain/9 2020-q2-update/bin/../lib/gcc/arm-none-eabi/9.3.1/../../../../arm-none-eabi/lib/thumb/v7e-m+fp/hard\libc_nano.a(lib_a-sbrkr.o)
                0x0800a2e4                _sbrk_r
 .text.sprintf  0x0800a304       0x40 c:/program files (x86)/gnu arm embedded toolchain/9 2020-q2-update/bin/../lib/gcc/arm-none-eabi/9.3.1/../../../../arm-none-eabi/lib/thumb/v7e-m+fp/hard\libc_nano.a(lib_a-sprintf.o)
                0x0800a304                siprintf
                0x0800a304                sprintf
 .text.strncpy  0x0800a344       0x26 c:/program files (x86)/gnu arm embedded toolchain/9 2020-q2-update/bin/../lib/gcc/arm-none-eabi/9.3.1/../../../../arm-none-eabi/lib/thumb/v7e-m+fp/hard\libc_nano.a(lib_a-strncpy.o)
                0x0800a344                strncpy
 .text.strstr   0x0800a36a       0x2e c:/program files (x86)/gnu arm embedded toolchain/9 2020-q2-update/bin/../lib/gcc/arm-none-eabi/9.3.1/../../../../arm-none-eabi/lib/thumb/v7e-m+fp/hard\libc_nano.a(lib_a-strstr.o)
                0x0800a36a                strstr
 .text.strtok   0x0800a398       0x68 c:/program files (x86)/gnu arm embedded toolchain/9 2020-q2-update/bin/../lib/gcc/arm-none-eabi/9.3.1/../../../../arm-none-eabi/lib/thumb/v7e-m+fp/hard\libc_nano.a(lib_a-strtok.o)
                0x0800a398                strtok
 .text.__strtok_r
                0x0800a400       0x50 c:/program files (x86)/gnu arm embedded toolchain/9 2020-q2-update/bin/../lib/gcc/arm-none-eabi/9.3.1/../../../../arm-none-eabi/lib/thumb/v7e-m+fp/hard\libc_nano.a(lib_a-strtok_r.o)
                0x0800a400                __strtok_r
 .text.__swbuf_r
                0x0800a450       0xa4 c:/program files (x86)/gnu arm embedded toolchain/9 2020-q2-update/bin/../lib/gcc/arm-none-eabi/9.3.1/../../../../arm-none-eabi/lib/thumb/v7e-m+fp/hard\libc_nano.a(lib_a-wbuf.o)
                0x0800a450                __swbuf_r
 .text.__swsetup_r
                0x0800a4f4       0xdc c:/program files (x86)/gnu arm embedded toolchain/9 2020-q2-update/bin/../lib/gcc/arm-none-eabi/9.3.1/../../../../arm-none-eabi/lib/thumb/v7e-m+fp/hard\libc_nano.a(lib_a-wsetup.o)
                0x0800a4f4                __swsetup_r
 .text.__assert_func
                0x0800a5d0       0x3c c:/program files (x86)/gnu arm embedded toolchain/9 2020-q2-update/bin/../lib/gcc/arm-none-eabi/9.3.1/../../../../arm-none-eabi/lib/thumb/v7e-m+fp/hard\libc_nano.a(lib_a-assert.o)
                0x0800a5d0                __assert_func
 .text.__sflush_r
                0x0800a60c      0x10c c:/program files (x86)/gnu arm embedded toolchain/9 2020-q2-update/bin/../lib/gcc/arm-none-eabi/9.3.1/../../../../arm-none-eabi/lib/thumb/v7e-m+fp/hard\libc_nano.a(lib_a-fflush.o)
                0x0800a60c                __sflush_r
 .text._fflush_r
                0x0800a718       0x78 c:/program files (x86)/gnu arm embedded toolchain/9 2020-q2-update/bin/../lib/gcc/arm-none-eabi/9.3.1/../../../../arm-none-eabi/lib/thumb/v7e-m+fp/hard\libc_nano.a(lib_a-fflush.o)
                0x0800a718                _fflush_r
 .text.fflush   0x0800a790       0x24 c:/program files (x86)/gnu arm embedded toolchain/9 2020-q2-update/bin/../lib/gcc/arm-none-eabi/9.3.1/../../../../arm-none-eabi/lib/thumb/v7e-m+fp/hard\libc_nano.a(lib_a-fflush.o)
                0x0800a790                fflush
 .text.std      0x0800a7b4       0x48 c:/program files (x86)/gnu arm embedded toolchain/9 2020-q2-update/bin/../lib/gcc/arm-none-eabi/9.3.1/../../../../arm-none-eabi/lib/thumb/v7e-m+fp/hard\libc_nano.a(lib_a-findfp.o)
 .text._cleanup_r
                0x0800a7fc        0xc c:/program files (x86)/gnu arm embedded toolchain/9 2020-q2-update/bin/../lib/gcc/arm-none-eabi/9.3.1/../../../../arm-none-eabi/lib/thumb/v7e-m+fp/hard\libc_nano.a(lib_a-findfp.o)
                0x0800a7fc                _cleanup_r
 .text.__sfmoreglue
                0x0800a808       0x2c c:/program files (x86)/gnu arm embedded toolchain/9 2020-q2-update/bin/../lib/gcc/arm-none-eabi/9.3.1/../../../../arm-none-eabi/lib/thumb/v7e-m+fp/hard\libc_nano.a(lib_a-findfp.o)
                0x0800a808                __sfmoreglue
 .text.__sfp_lock_acquire
                0x0800a834        0xc c:/program files (x86)/gnu arm embedded toolchain/9 2020-q2-update/bin/../lib/gcc/arm-none-eabi/9.3.1/../../../../arm-none-eabi/lib/thumb/v7e-m+fp/hard\libc_nano.a(lib_a-findfp.o)
                0x0800a834                __sfp_lock_acquire
 .text.__sfp_lock_release
                0x0800a840        0xc c:/program files (x86)/gnu arm embedded toolchain/9 2020-q2-update/bin/../lib/gcc/arm-none-eabi/9.3.1/../../../../arm-none-eabi/lib/thumb/v7e-m+fp/hard\libc_nano.a(lib_a-findfp.o)
                0x0800a840                __sfp_lock_release
 .text.__sinit_lock_acquire
                0x0800a84c        0xc c:/program files (x86)/gnu arm embedded toolchain/9 2020-q2-update/bin/../lib/gcc/arm-none-eabi/9.3.1/../../../../arm-none-eabi/lib/thumb/v7e-m+fp/hard\libc_nano.a(lib_a-findfp.o)
                0x0800a84c                __sinit_lock_acquire
 .text.__sinit_lock_release
                0x0800a858        0xc c:/program files (x86)/gnu arm embedded toolchain/9 2020-q2-update/bin/../lib/gcc/arm-none-eabi/9.3.1/../../../../arm-none-eabi/lib/thumb/v7e-m+fp/hard\libc_nano.a(lib_a-findfp.o)
                0x0800a858                __sinit_lock_release
 .text.__sinit  0x0800a864       0x70 c:/program files (x86)/gnu arm embedded toolchain/9 2020-q2-update/bin/../lib/gcc/arm-none-eabi/9.3.1/../../../../arm-none-eabi/lib/thumb/v7e-m+fp/hard\libc_nano.a(lib_a-findfp.o)
                0x0800a864                __sinit
 .text.__sfp    0x0800a8d4       0x8c c:/program files (x86)/gnu arm embedded toolchain/9 2020-q2-update/bin/../lib/gcc/arm-none-eabi/9.3.1/../../../../arm-none-eabi/lib/thumb/v7e-m+fp/hard\libc_nano.a(lib_a-findfp.o)
                0x0800a8d4                __sfp
 .text.fprintf  0x0800a960       0x24 c:/program files (x86)/gnu arm embedded toolchain/9 2020-q2-update/bin/../lib/gcc/arm-none-eabi/9.3.1/../../../../arm-none-eabi/lib/thumb/v7e-m+fp/hard\libc_nano.a(lib_a-fprintf.o)
                0x0800a960                fiprintf
                0x0800a960                fprintf
 .text._fwalk   0x0800a984       0x3a c:/program files (x86)/gnu arm embedded toolchain/9 2020-q2-update/bin/../lib/gcc/arm-none-eabi/9.3.1/../../../../arm-none-eabi/lib/thumb/v7e-m+fp/hard\libc_nano.a(lib_a-fwalk.o)
                0x0800a984                _fwalk
 .text._fwalk_reent
                0x0800a9be       0x3e c:/program files (x86)/gnu arm embedded toolchain/9 2020-q2-update/bin/../lib/gcc/arm-none-eabi/9.3.1/../../../../arm-none-eabi/lib/thumb/v7e-m+fp/hard\libc_nano.a(lib_a-fwalk.o)
                0x0800a9be                _fwalk_reent
 .text._getc_r  0x0800a9fc       0x80 c:/program files (x86)/gnu arm embedded toolchain/9 2020-q2-update/bin/../lib/gcc/arm-none-eabi/9.3.1/../../../../arm-none-eabi/lib/thumb/v7e-m+fp/hard\libc_nano.a(lib_a-getc.o)
                0x0800a9fc                _getc_r
 .text.__retarget_lock_init_recursive
                0x0800aa7c        0x2 c:/program files (x86)/gnu arm embedded toolchain/9 2020-q2-update/bin/../lib/gcc/arm-none-eabi/9.3.1/../../../../arm-none-eabi/lib/thumb/v7e-m+fp/hard\libc_nano.a(lib_a-lock.o)
                0x0800aa7c                __retarget_lock_init_recursive
 .text.__retarget_lock_acquire_recursive
                0x0800aa7e        0x2 c:/program files (x86)/gnu arm embedded toolchain/9 2020-q2-update/bin/../lib/gcc/arm-none-eabi/9.3.1/../../../../arm-none-eabi/lib/thumb/v7e-m+fp/hard\libc_nano.a(lib_a-lock.o)
                0x0800aa7e                __retarget_lock_acquire_recursive
 .text.__retarget_lock_release_recursive
                0x0800aa80        0x2 c:/program files (x86)/gnu arm embedded toolchain/9 2020-q2-update/bin/../lib/gcc/arm-none-eabi/9.3.1/../../../../arm-none-eabi/lib/thumb/v7e-m+fp/hard\libc_nano.a(lib_a-lock.o)
                0x0800aa80                __retarget_lock_release_recursive
 .text.__swhatbuf_r
                0x0800aa82       0x48 c:/program files (x86)/gnu arm embedded toolchain/9 2020-q2-update/bin/../lib/gcc/arm-none-eabi/9.3.1/../../../../arm-none-eabi/lib/thumb/v7e-m+fp/hard\libc_nano.a(lib_a-makebuf.o)
                0x0800aa82                __swhatbuf_r
 *fill*         0x0800aaca        0x2 
 .text.__smakebuf_r
                0x0800aacc       0x80 c:/program files (x86)/gnu arm embedded toolchain/9 2020-q2-update/bin/../lib/gcc/arm-none-eabi/9.3.1/../../../../arm-none-eabi/lib/thumb/v7e-m+fp/hard\libc_nano.a(lib_a-makebuf.o)
                0x0800aacc                __smakebuf_r
 .text.__malloc_lock
                0x0800ab4c        0xc c:/program files (x86)/gnu arm embedded toolchain/9 2020-q2-update/bin/../lib/gcc/arm-none-eabi/9.3.1/../../../../arm-none-eabi/lib/thumb/v7e-m+fp/hard\libc_nano.a(lib_a-mlock.o)
                0x0800ab4c                __malloc_lock
 .text.__malloc_unlock
                0x0800ab58        0xc c:/program files (x86)/gnu arm embedded toolchain/9 2020-q2-update/bin/../lib/gcc/arm-none-eabi/9.3.1/../../../../arm-none-eabi/lib/thumb/v7e-m+fp/hard\libc_nano.a(lib_a-mlock.o)
                0x0800ab58                __malloc_unlock
 .text.__ssputs_r
                0x0800ab64       0xb6 c:/program files (x86)/gnu arm embedded toolchain/9 2020-q2-update/bin/../lib/gcc/arm-none-eabi/9.3.1/../../../../arm-none-eabi/lib/thumb/v7e-m+fp/hard\libc_nano.a(lib_a-nano-svfprintf.o)
                0x0800ab64                __ssputs_r
 *fill*         0x0800ac1a        0x2 
 .text._svfprintf_r
                0x0800ac1c      0x200 c:/program files (x86)/gnu arm embedded toolchain/9 2020-q2-update/bin/../lib/gcc/arm-none-eabi/9.3.1/../../../../arm-none-eabi/lib/thumb/v7e-m+fp/hard\libc_nano.a(lib_a-nano-svfprintf.o)
                0x0800ac1c                _svfiprintf_r
                0x0800ac1c                _svfprintf_r
 .text.__sfputc_r
                0x0800ae1c       0x2e c:/program files (x86)/gnu arm embedded toolchain/9 2020-q2-update/bin/../lib/gcc/arm-none-eabi/9.3.1/../../../../arm-none-eabi/lib/thumb/v7e-m+fp/hard\libc_nano.a(lib_a-nano-vfprintf.o)
 .text.__sfputs_r
                0x0800ae4a       0x24 c:/program files (x86)/gnu arm embedded toolchain/9 2020-q2-update/bin/../lib/gcc/arm-none-eabi/9.3.1/../../../../arm-none-eabi/lib/thumb/v7e-m+fp/hard\libc_nano.a(lib_a-nano-vfprintf.o)
                0x0800ae4a                __sfputs_r
 *fill*         0x0800ae6e        0x2 
 .text._vfprintf_r
                0x0800ae70      0x260 c:/program files (x86)/gnu arm embedded toolchain/9 2020-q2-update/bin/../lib/gcc/arm-none-eabi/9.3.1/../../../../arm-none-eabi/lib/thumb/v7e-m+fp/hard\libc_nano.a(lib_a-nano-vfprintf.o)
                0x0800ae70                _vfprintf_r
                0x0800ae70                _vfiprintf_r
 .text._printf_common
                0x0800b0d0       0xda c:/program files (x86)/gnu arm embedded toolchain/9 2020-q2-update/bin/../lib/gcc/arm-none-eabi/9.3.1/../../../../arm-none-eabi/lib/thumb/v7e-m+fp/hard\libc_nano.a(lib_a-nano-vfprintf_i.o)
                0x0800b0d0                _printf_common
 *fill*         0x0800b1aa        0x2 
 .text._printf_i
                0x0800b1ac      0x24c c:/program files (x86)/gnu arm embedded toolchain/9 2020-q2-update/bin/../lib/gcc/arm-none-eabi/9.3.1/../../../../arm-none-eabi/lib/thumb/v7e-m+fp/hard\libc_nano.a(lib_a-nano-vfprintf_i.o)
                0x0800b1ac                _printf_i
 .text._putc_r  0x0800b3f8       0x90 c:/program files (x86)/gnu arm embedded toolchain/9 2020-q2-update/bin/../lib/gcc/arm-none-eabi/9.3.1/../../../../arm-none-eabi/lib/thumb/v7e-m+fp/hard\libc_nano.a(lib_a-putc.o)
                0x0800b3f8                _putc_r
 .text.__srget_r
                0x0800b488       0x58 c:/program files (x86)/gnu arm embedded toolchain/9 2020-q2-update/bin/../lib/gcc/arm-none-eabi/9.3.1/../../../../arm-none-eabi/lib/thumb/v7e-m+fp/hard\libc_nano.a(lib_a-rget.o)
                0x0800b488                __srget_r
 .text.__sread  0x0800b4e0       0x22 c:/program files (x86)/gnu arm embedded toolchain/9 2020-q2-update/bin/../lib/gcc/arm-none-eabi/9.3.1/../../../../arm-none-eabi/lib/thumb/v7e-m+fp/hard\libc_nano.a(lib_a-stdio.o)
                0x0800b4e0                __sread
 .text.__swrite
                0x0800b502       0x38 c:/program files (x86)/gnu arm embedded toolchain/9 2020-q2-update/bin/../lib/gcc/arm-none-eabi/9.3.1/../../../../arm-none-eabi/lib/thumb/v7e-m+fp/hard\libc_nano.a(lib_a-stdio.o)
                0x0800b502                __swrite
 .text.__sseek  0x0800b53a       0x24 c:/program files (x86)/gnu arm embedded toolchain/9 2020-q2-update/bin/../lib/gcc/arm-none-eabi/9.3.1/../../../../arm-none-eabi/lib/thumb/v7e-m+fp/hard\libc_nano.a(lib_a-stdio.o)
                0x0800b53a                __sseek
 .text.__sclose
                0x0800b55e        0x8 c:/program files (x86)/gnu arm embedded toolchain/9 2020-q2-update/bin/../lib/gcc/arm-none-eabi/9.3.1/../../../../arm-none-eabi/lib/thumb/v7e-m+fp/hard\libc_nano.a(lib_a-stdio.o)
                0x0800b55e                __sclose
 *fill*         0x0800b566        0x2 
 .text._write_r
                0x0800b568       0x24 c:/program files (x86)/gnu arm embedded toolchain/9 2020-q2-update/bin/../lib/gcc/arm-none-eabi/9.3.1/../../../../arm-none-eabi/lib/thumb/v7e-m+fp/hard\libc_nano.a(lib_a-writer.o)
                0x0800b568                _write_r
 .text.abort    0x0800b58c        0xe c:/program files (x86)/gnu arm embedded toolchain/9 2020-q2-update/bin/../lib/gcc/arm-none-eabi/9.3.1/../../../../arm-none-eabi/lib/thumb/v7e-m+fp/hard\libc_nano.a(lib_a-abort.o)
                0x0800b58c                abort
 *fill*         0x0800b59a        0x2 
 .text._close_r
                0x0800b59c       0x20 c:/program files (x86)/gnu arm embedded toolchain/9 2020-q2-update/bin/../lib/gcc/arm-none-eabi/9.3.1/../../../../arm-none-eabi/lib/thumb/v7e-m+fp/hard\libc_nano.a(lib_a-closer.o)
                0x0800b59c                _close_r
 .text._fstat_r
                0x0800b5bc       0x24 c:/program files (x86)/gnu arm embedded toolchain/9 2020-q2-update/bin/../lib/gcc/arm-none-eabi/9.3.1/../../../../arm-none-eabi/lib/thumb/v7e-m+fp/hard\libc_nano.a(lib_a-fstatr.o)
                0x0800b5bc                _fstat_r
 .text._isatty_r
                0x0800b5e0       0x20 c:/program files (x86)/gnu arm embedded toolchain/9 2020-q2-update/bin/../lib/gcc/arm-none-eabi/9.3.1/../../../../arm-none-eabi/lib/thumb/v7e-m+fp/hard\libc_nano.a(lib_a-isattyr.o)
                0x0800b5e0                _isatty_r
 .text._lseek_r
                0x0800b600       0x24 c:/program files (x86)/gnu arm embedded toolchain/9 2020-q2-update/bin/../lib/gcc/arm-none-eabi/9.3.1/../../../../arm-none-eabi/lib/thumb/v7e-m+fp/hard\libc_nano.a(lib_a-lseekr.o)
                0x0800b600                _lseek_r
 .text.memmove  0x0800b624       0x34 c:/program files (x86)/gnu arm embedded toolchain/9 2020-q2-update/bin/../lib/gcc/arm-none-eabi/9.3.1/../../../../arm-none-eabi/lib/thumb/v7e-m+fp/hard\libc_nano.a(lib_a-memmove.o)
                0x0800b624                memmove
 .text._realloc_r
                0x0800b658       0x4c c:/program files (x86)/gnu arm embedded toolchain/9 2020-q2-update/bin/../lib/gcc/arm-none-eabi/9.3.1/../../../../arm-none-eabi/lib/thumb/v7e-m+fp/hard\libc_nano.a(lib_a-nano-reallocr.o)
                0x0800b658                _realloc_r
 .text._read_r  0x0800b6a4       0x24 c:/program files (x86)/gnu arm embedded toolchain/9 2020-q2-update/bin/../lib/gcc/arm-none-eabi/9.3.1/../../../../arm-none-eabi/lib/thumb/v7e-m+fp/hard\libc_nano.a(lib_a-readr.o)
                0x0800b6a4                _read_r
 .text.lflush   0x0800b6c8       0x12 c:/program files (x86)/gnu arm embedded toolchain/9 2020-q2-update/bin/../lib/gcc/arm-none-eabi/9.3.1/../../../../arm-none-eabi/lib/thumb/v7e-m+fp/hard\libc_nano.a(lib_a-refill.o)
 *fill*         0x0800b6da        0x2 
 .text.__srefill_r
                0x0800b6dc      0x114 c:/program files (x86)/gnu arm embedded toolchain/9 2020-q2-update/bin/../lib/gcc/arm-none-eabi/9.3.1/../../../../arm-none-eabi/lib/thumb/v7e-m+fp/hard\libc_nano.a(lib_a-refill.o)
                0x0800b6dc                __srefill_r
 .text._raise_r
                0x0800b7f0       0x50 c:/program files (x86)/gnu arm embedded toolchain/9 2020-q2-update/bin/../lib/gcc/arm-none-eabi/9.3.1/../../../../arm-none-eabi/lib/thumb/v7e-m+fp/hard\libc_nano.a(lib_a-signal.o)
                0x0800b7f0                _raise_r
 .text.raise    0x0800b840       0x10 c:/program files (x86)/gnu arm embedded toolchain/9 2020-q2-update/bin/../lib/gcc/arm-none-eabi/9.3.1/../../../../arm-none-eabi/lib/thumb/v7e-m+fp/hard\libc_nano.a(lib_a-signal.o)
                0x0800b840                raise
 .text._kill_r  0x0800b850       0x24 c:/program files (x86)/gnu arm embedded toolchain/9 2020-q2-update/bin/../lib/gcc/arm-none-eabi/9.3.1/../../../../arm-none-eabi/lib/thumb/v7e-m+fp/hard\libc_nano.a(lib_a-signalr.o)
                0x0800b850                _kill_r
 .text._getpid_r
                0x0800b874        0x4 c:/program files (x86)/gnu arm embedded toolchain/9 2020-q2-update/bin/../lib/gcc/arm-none-eabi/9.3.1/../../../../arm-none-eabi/lib/thumb/v7e-m+fp/hard\libc_nano.a(lib_a-signalr.o)
                0x0800b874                _getpid_r
 .text._malloc_usable_size_r
                0x0800b878       0x10 c:/program files (x86)/gnu arm embedded toolchain/9 2020-q2-update/bin/../lib/gcc/arm-none-eabi/9.3.1/../../../../arm-none-eabi/lib/thumb/v7e-m+fp/hard\libc_nano.a(lib_a-nano-msizer.o)
                0x0800b878                _malloc_usable_size_r
 *(.glue_7)
 .glue_7        0x0800b888        0x0 linker stubs
 *(.glue_7t)
 .glue_7t       0x0800b888        0x0 linker stubs
 *(.eh_frame)
 .eh_frame      0x0800b888        0x0 c:/program files (x86)/gnu arm embedded toolchain/9 2020-q2-update/bin/../lib/gcc/arm-none-eabi/9.3.1/thumb/v7e-m+fp/hard/crtbegin.o
 *(.init)
 .init          0x0800b888        0x4 c:/program files (x86)/gnu arm embedded toolchain/9 2020-q2-update/bin/../lib/gcc/arm-none-eabi/9.3.1/thumb/v7e-m+fp/hard/crti.o
                0x0800b888                _init
 .init          0x0800b88c        0x8 c:/program files (x86)/gnu arm embedded toolchain/9 2020-q2-update/bin/../lib/gcc/arm-none-eabi/9.3.1/thumb/v7e-m+fp/hard/crtn.o
 *(.fini)
 .fini          0x0800b894        0x4 c:/program files (x86)/gnu arm embedded toolchain/9 2020-q2-update/bin/../lib/gcc/arm-none-eabi/9.3.1/thumb/v7e-m+fp/hard/crti.o
                0x0800b894                _fini
 .fini          0x0800b898        0x8 c:/program files (x86)/gnu arm embedded toolchain/9 2020-q2-update/bin/../lib/gcc/arm-none-eabi/9.3.1/thumb/v7e-m+fp/hard/crtn.o
                0x0800b8a0                . = ALIGN (0x8)
                0x0800b8a0                _etext = .

.vfp11_veneer   0x0800b8a0        0x0
 .vfp11_veneer  0x0800b8a0        0x0 linker stubs

.v4_bx          0x0800b8a0        0x0
 .v4_bx         0x0800b8a0        0x0 linker stubs

.iplt           0x0800b8a0        0x0
 .iplt          0x0800b8a0        0x0 c:/program files (x86)/gnu arm embedded toolchain/9 2020-q2-update/bin/../lib/gcc/arm-none-eabi/9.3.1/thumb/v7e-m+fp/hard/crtbegin.o

.rodata         0x0800b8a0      0x848
                0x0800b8a0                . = ALIGN (0x8)
 *(.rodata)
 *(.rodata*)
 .rodata.main.str1.4
                0x0800b8a0       0x68 build/main.o
 .rodata.sendATCommand.str1.4
                0x0800b908       0x14 build/CustomUserFunctions.o
 .rodata.receiveATData.str1.4
                0x0800b91c       0x14 build/CustomUserFunctions.o
                                  0x5 (size before relaxing)
 .rodata.sendTCPData.str1.4
                0x0800b91c       0x1d build/CustomUserFunctions.o
 *fill*         0x0800b939        0x3 
 .rodata.receiveTCPData.str1.4
                0x0800b93c        0xf build/CustomUserFunctions.o
 *fill*         0x0800b94b        0x1 
 .rodata.beginClientServerConnection.str1.4
                0x0800b94c      0x182 build/CustomUserFunctions.o
 *fill*         0x0800bace        0x2 
 .rodata.str1.4
                0x0800bad0        0x3 build/CustomUserFunctions.o
 *fill*         0x0800bad3        0x1 
 .rodata.ADC_Array
                0x0800bad4        0xc build/freertos.o
 .rodata.PWM_Array
                0x0800bae0        0xc build/freertos.o
 .rodata.getRingBufXRecent.str1.4
                0x0800baec       0x3f build/ring_buf.o
 *fill*         0x0800bb2b        0x1 
 .rodata.FLASH_unlock_erase.str1.4
                0x0800bb2c       0x42 build/flash_l4.o
 *fill*         0x0800bb6e        0x2 
 .rodata.FLASH_write_at.str1.4
                0x0800bb70       0x3d build/flash_l4.o
 *fill*         0x0800bbad        0x3 
 .rodata.FLASH_update.str1.4
                0x0800bbb0       0x24 build/flash_l4.o
 .rodata.AHBPrescTable
                0x0800bbd4       0x10 build/system_stm32l4xx.o
                0x0800bbd4                AHBPrescTable
 .rodata.APBPrescTable
                0x0800bbe4        0x8 build/system_stm32l4xx.o
                0x0800bbe4                APBPrescTable
 .rodata.MSIRangeTable
                0x0800bbec       0x30 build/system_stm32l4xx.o
                0x0800bbec                MSIRangeTable
 .rodata.AT_ExecuteCommand.str1.4
                0x0800bc1c       0x14 build/es_wifi.o
 .rodata.AT_ParseSystemConfig.str1.4
                0x0800bc1c        0x2 build/es_wifi.o
 .rodata.AT_ParseInfo.str1.4
                0x0800bc1e        0x2 build/es_wifi.o
 *fill*         0x0800bc1e        0x2 
 .rodata.ES_WIFI_Init.str1.4
                0x0800bc20        0x5 build/es_wifi.o
 *fill*         0x0800bc25        0x3 
 .rodata.ES_WIFI_Connect.str1.4
                0x0800bc28       0x44 build/es_wifi.o
 .rodata.ES_WIFI_IsConnected.str1.4
                0x0800bc6c        0x4 build/es_wifi.o
 .rodata.ES_WIFI_GetNetworkSettings.str1.4
                0x0800bc70        0x4 build/es_wifi.o
 .rodata.ES_WIFI_GetMACAddress.str1.4
                0x0800bc74        0x7 build/es_wifi.o
 *fill*         0x0800bc7b        0x1 
 .rodata.httpclient_init.str1.4
                0x0800bc7c       0x6d build/httpclient.o
 .rodata.getInputString.str1.4
                0x0800bce9       0x6d build/iot_flash_config.o
                                  0x3 (size before relaxing)
 *fill*         0x0800bce9        0x3 
 .rodata.checkWiFiCredentials.str1.4
                0x0800bcec       0x1e build/iot_flash_config.o
 *fill*         0x0800bd0a        0x2 
 .rodata.updateWiFiCredentials.str1.4
                0x0800bd0c       0x62 build/iot_flash_config.o
 *fill*         0x0800bd6e        0x2 
 .rodata.WIFI_GetIP_Address.str1.4
                0x0800bd70        0x4 build/wifi.o
 .rodata.net_if_init.str1.4
                0x0800bd74      0x1ed build/wifi_net.o
                                0x219 (size before relaxing)
 *fill*         0x0800bf61        0x3 
 .rodata.vTaskStartScheduler.str1.4
                0x0800bf64        0x5 build/tasks.o
 *fill*         0x0800bf69        0x3 
 .rodata.prvCheckForValidListAndQueue.str1.4
                0x0800bf6c        0x5 build/timers.o
 *fill*         0x0800bf71        0x3 
 .rodata.xTimerCreateTimerTask.str1.4
                0x0800bf74        0x8 build/timers.o
 .rodata._global_impure_ptr
                0x0800bf7c        0x4 c:/program files (x86)/gnu arm embedded toolchain/9 2020-q2-update/bin/../lib/gcc/arm-none-eabi/9.3.1/../../../../arm-none-eabi/lib/thumb/v7e-m+fp/hard\libc_nano.a(lib_a-impure.o)
                0x0800bf7c                _global_impure_ptr
 .rodata.strtok.str1.1
                0x0800bf80       0x95 c:/program files (x86)/gnu arm embedded toolchain/9 2020-q2-update/bin/../lib/gcc/arm-none-eabi/9.3.1/../../../../arm-none-eabi/lib/thumb/v7e-m+fp/hard\libc_nano.a(lib_a-strtok.o)
 .rodata.__assert_func.str1.1
                0x0800c015       0x3c c:/program files (x86)/gnu arm embedded toolchain/9 2020-q2-update/bin/../lib/gcc/arm-none-eabi/9.3.1/../../../../arm-none-eabi/lib/thumb/v7e-m+fp/hard\libc_nano.a(lib_a-assert.o)
                                 0x3d (size before relaxing)
 *fill*         0x0800c051        0x3 
 .rodata.__sf_fake_stderr
                0x0800c054       0x20 c:/program files (x86)/gnu arm embedded toolchain/9 2020-q2-update/bin/../lib/gcc/arm-none-eabi/9.3.1/../../../../arm-none-eabi/lib/thumb/v7e-m+fp/hard\libc_nano.a(lib_a-findfp.o)
                0x0800c054                __sf_fake_stderr
 .rodata.__sf_fake_stdin
                0x0800c074       0x20 c:/program files (x86)/gnu arm embedded toolchain/9 2020-q2-update/bin/../lib/gcc/arm-none-eabi/9.3.1/../../../../arm-none-eabi/lib/thumb/v7e-m+fp/hard\libc_nano.a(lib_a-findfp.o)
                0x0800c074                __sf_fake_stdin
 .rodata.__sf_fake_stdout
                0x0800c094       0x20 c:/program files (x86)/gnu arm embedded toolchain/9 2020-q2-update/bin/../lib/gcc/arm-none-eabi/9.3.1/../../../../arm-none-eabi/lib/thumb/v7e-m+fp/hard\libc_nano.a(lib_a-findfp.o)
                0x0800c094                __sf_fake_stdout
 .rodata._svfprintf_r.str1.1
                0x0800c0b4       0x11 c:/program files (x86)/gnu arm embedded toolchain/9 2020-q2-update/bin/../lib/gcc/arm-none-eabi/9.3.1/../../../../arm-none-eabi/lib/thumb/v7e-m+fp/hard\libc_nano.a(lib_a-nano-svfprintf.o)
 .rodata._vfprintf_r.str1.1
                0x0800c0c5       0x11 c:/program files (x86)/gnu arm embedded toolchain/9 2020-q2-update/bin/../lib/gcc/arm-none-eabi/9.3.1/../../../../arm-none-eabi/lib/thumb/v7e-m+fp/hard\libc_nano.a(lib_a-nano-vfprintf.o)
 .rodata._printf_i.str1.1
                0x0800c0c5       0x22 c:/program files (x86)/gnu arm embedded toolchain/9 2020-q2-update/bin/../lib/gcc/arm-none-eabi/9.3.1/../../../../arm-none-eabi/lib/thumb/v7e-m+fp/hard\libc_nano.a(lib_a-nano-vfprintf_i.o)
                0x0800c0e8                . = ALIGN (0x8)
 *fill*         0x0800c0e7        0x1 

.ARM.extab      0x0800c0e8        0x0
                0x0800c0e8                . = ALIGN (0x8)
 *(.ARM.extab* .gnu.linkonce.armextab.*)
                0x0800c0e8                . = ALIGN (0x8)

.ARM            0x0800c0e8        0x8
                0x0800c0e8                . = ALIGN (0x8)
                0x0800c0e8                __exidx_start = .
 *(.ARM.exidx*)
 .ARM.exidx     0x0800c0e8        0x8 c:/program files (x86)/gnu arm embedded toolchain/9 2020-q2-update/bin/../lib/gcc/arm-none-eabi/9.3.1/thumb/v7e-m+fp/hard\libgcc.a(_udivmoddi4.o)
                0x0800c0f0                __exidx_end = .
                0x0800c0f0                . = ALIGN (0x8)

.rel.dyn        0x0800c0f0        0x0
 .rel.iplt      0x0800c0f0        0x0 c:/program files (x86)/gnu arm embedded toolchain/9 2020-q2-update/bin/../lib/gcc/arm-none-eabi/9.3.1/thumb/v7e-m+fp/hard/crtbegin.o

.preinit_array  0x0800c0f0        0x0
                0x0800c0f0                . = ALIGN (0x8)
                0x0800c0f0                PROVIDE (__preinit_array_start = .)
 *(.preinit_array*)
                0x0800c0f0                PROVIDE (__preinit_array_end = .)
                0x0800c0f0                . = ALIGN (0x8)

.init_array     0x0800c0f0        0x8
                0x0800c0f0                . = ALIGN (0x8)
                0x0800c0f0                PROVIDE (__init_array_start = .)
 *(SORT_BY_NAME(.init_array.*))
 *(.init_array*)
 .init_array    0x0800c0f0        0x4 c:/program files (x86)/gnu arm embedded toolchain/9 2020-q2-update/bin/../lib/gcc/arm-none-eabi/9.3.1/thumb/v7e-m+fp/hard/crtbegin.o
                0x0800c0f4                PROVIDE (__init_array_end = .)
                0x0800c0f8                . = ALIGN (0x8)
 *fill*         0x0800c0f4        0x4 

.fini_array     0x0800c0f8        0x8
                0x0800c0f8                . = ALIGN (0x8)
                [!provide]                PROVIDE (__fini_array_start = .)
 *(SORT_BY_NAME(.fini_array.*))
 *(.fini_array*)
 .fini_array    0x0800c0f8        0x4 c:/program files (x86)/gnu arm embedded toolchain/9 2020-q2-update/bin/../lib/gcc/arm-none-eabi/9.3.1/thumb/v7e-m+fp/hard/crtbegin.o
                [!provide]                PROVIDE (__fini_array_end = .)
                0x0800c100                . = ALIGN (0x8)
 *fill*         0x0800c0fc        0x4 
                0x0800c100                _sidata = LOADADDR (.data)

.data           0x20000000      0x108 load address 0x0800c100
                0x20000000                . = ALIGN (0x8)
                0x20000000                _sdata = .
 *(.data)
 *(.data*)
 .data.UNIV_TIMEOUT
                0x20000000        0x4 build/CustomUserFunctions.o
                0x20000000                UNIV_TIMEOUT
 .data.comCheck
                0x20000004        0x4 build/CustomUserFunctions.o
                0x20000004                comCheck
 .data.masterStatus
                0x20000008        0x1 build/freertos.o
 *fill*         0x20000009        0x3 
 .data.posnHistory
                0x2000000c       0x4c build/freertos.o
 .data.uwTickFreq
                0x20000058        0x4 build/stm32l4xx_hal.o
                0x20000058                uwTickFreq
 .data.uwTickPrio
                0x2000005c        0x4 build/stm32l4xx_hal.o
                0x2000005c                uwTickPrio
 .data.pFlash   0x20000060       0x20 build/stm32l4xx_hal_flash.o
                0x20000060                pFlash
 .data.BUTTON_PORT
                0x20000080        0x4 build/stm32l475e_iot01.o
                0x20000080                BUTTON_PORT
 .data.COM_RX_PORT
                0x20000084        0x4 build/stm32l475e_iot01.o
                0x20000084                COM_RX_PORT
 .data.COM_TX_PORT
                0x20000088        0x4 build/stm32l475e_iot01.o
                0x20000088                COM_TX_PORT
 .data.COM_USART
                0x2000008c        0x4 build/stm32l475e_iot01.o
                0x2000008c                COM_USART
 .data.GPIO_PORT
                0x20000090        0x4 build/stm32l475e_iot01.o
                0x20000090                GPIO_PORT
 .data.SystemCoreClock
                0x20000094        0x4 build/system_stm32l4xx.o
                0x20000094                SystemCoreClock
 .data.lUserConfigPtr
                0x20000098        0x4 build/iot_flash_config.o
                0x20000098                lUserConfigPtr
 .data.uxCriticalNesting
                0x2000009c        0x4 build/port.o
 .data._impure_ptr
                0x200000a0        0x4 c:/program files (x86)/gnu arm embedded toolchain/9 2020-q2-update/bin/../lib/gcc/arm-none-eabi/9.3.1/../../../../arm-none-eabi/lib/thumb/v7e-m+fp/hard\libc_nano.a(lib_a-impure.o)
                0x200000a0                _impure_ptr
 .data.impure_data
                0x200000a4       0x60 c:/program files (x86)/gnu arm embedded toolchain/9 2020-q2-update/bin/../lib/gcc/arm-none-eabi/9.3.1/../../../../arm-none-eabi/lib/thumb/v7e-m+fp/hard\libc_nano.a(lib_a-impure.o)
                0x20000108                . = ALIGN (0x8)
 *fill*         0x20000104        0x4 
                0x20000108                _edata = .

.igot.plt       0x20000108        0x0 load address 0x0800c208
 .igot.plt      0x20000108        0x0 c:/program files (x86)/gnu arm embedded toolchain/9 2020-q2-update/bin/../lib/gcc/arm-none-eabi/9.3.1/thumb/v7e-m+fp/hard/crtbegin.o

UNINIT_FIXED_LOC
                0x20000108     0x2a38 load address 0x0800c208
 UNINIT_FIXED_LOC
                0x20000108     0x2a38 build/iot_flash_config.o
                0x20000108                __uninited_region_start__
                0x20002b40                . = ALIGN (0x4)

.bss            0x20002b40     0xe630 load address 0x0800ec40
                0x20002b40                _sbss = .
                0x20002b40                __bss_start__ = _sbss
 *(.bss)
 .bss           0x20002b40       0x1c c:/program files (x86)/gnu arm embedded toolchain/9 2020-q2-update/bin/../lib/gcc/arm-none-eabi/9.3.1/thumb/v7e-m+fp/hard/crtbegin.o
 *(.bss*)
 .bss.HAL_RCC_ADC_CLK_ENABLED
                0x20002b5c        0x4 build/stm32l4xx_hal_msp.o
 .bss.ComBuf    0x20002b60      0x578 build/CustomUserFunctions.o
 .bss.retData   0x200030d8      0x578 build/CustomUserFunctions.o
 .bss.analogDestPosns
                0x20003650        0x6 build/freertos.o
 .bss.button_flags
                0x20003656        0x1 build/freertos.o
 *fill*         0x20003657        0x1 
 .bss.currentAnalogPosns
                0x20003658        0x6 build/freertos.o
 .bss.lastMessage
                0x2000365e        0x1 build/freertos.o
 *fill*         0x2000365f        0x1 
 .bss.lastPosErr
                0x20003660        0xc build/freertos.o
 .bss.msgReadLen
                0x2000366c        0x2 build/freertos.o
 .bss.msgSentLen
                0x2000366e        0x2 build/freertos.o
 .bss.posErr    0x20003670        0xc build/freertos.o
 .bss.recStatus.13460
                0x2000367c        0x1 build/freertos.o
 *fill*         0x2000367d        0x3 
 .bss.retData   0x20003680        0xa build/freertos.o
 .bss.wifiConnected
                0x2000368a        0x1 build/freertos.o
 *fill*         0x2000368b        0x1 
 .bss.console_uart
                0x2000368c       0x80 build/Hardware_Init.o
 .bss.heap_end.7381
                0x2000370c        0x4 build/syscalls.o
 .bss.cmddata_rdy_rising_event
                0x20003710        0x4 build/es_wifi_io.o
 .bss.cycle_per_loop.12431
                0x20003714        0x4 build/es_wifi_io.o
 .bss.spi_rx_event
                0x20003718        0x4 build/es_wifi_io.o
 .bss.spi_tx_event
                0x2000371c        0x4 build/es_wifi_io.o
 .bss.pxCurrentTCB
                0x20003720        0x4 build/tasks.o
                0x20003720                pxCurrentTCB
 .bss.pxDelayedTaskList
                0x20003724        0x4 build/tasks.o
 .bss.pxOverflowDelayedTaskList
                0x20003728        0x4 build/tasks.o
 .bss.pxReadyTasksLists
                0x2000372c      0x460 build/tasks.o
 .bss.uxCurrentNumberOfTasks
                0x20003b8c        0x4 build/tasks.o
 .bss.uxDeletedTasksWaitingCleanUp
                0x20003b90        0x4 build/tasks.o
 .bss.uxPendedTicks
                0x20003b94        0x4 build/tasks.o
 .bss.uxSchedulerSuspended
                0x20003b98        0x4 build/tasks.o
 .bss.uxTaskNumber
                0x20003b9c        0x4 build/tasks.o
 .bss.uxTopReadyPriority
                0x20003ba0        0x4 build/tasks.o
 .bss.xDelayedTaskList1
                0x20003ba4       0x14 build/tasks.o
 .bss.xDelayedTaskList2
                0x20003bb8       0x14 build/tasks.o
 .bss.xNextTaskUnblockTime
                0x20003bcc        0x4 build/tasks.o
 .bss.xNumOfOverflows
                0x20003bd0        0x4 build/tasks.o
 .bss.xPendingReadyList
                0x20003bd4       0x14 build/tasks.o
 .bss.xSchedulerRunning
                0x20003be8        0x4 build/tasks.o
 .bss.xSuspendedTaskList
                0x20003bec       0x14 build/tasks.o
 .bss.xTasksWaitingTermination
                0x20003c00       0x14 build/tasks.o
 .bss.xTickCount
                0x20003c14        0x4 build/tasks.o
 .bss.xYieldPending
                0x20003c18        0x4 build/tasks.o
 .bss.pxCurrentTimerList
                0x20003c1c        0x4 build/timers.o
 .bss.pxOverflowTimerList
                0x20003c20        0x4 build/timers.o
 .bss.ucStaticTimerQueueStorage.6922
                0x20003c24       0xa0 build/timers.o
 .bss.xActiveTimerList1
                0x20003cc4       0x14 build/timers.o
 .bss.xActiveTimerList2